main.c:90:6:display7SEG	16	static
main.c:100:6:update7SEG	16	static
main.c:142:5:Get_Chuc	16	static
main.c:147:5:Get_Don_vi	16	static
main.c:152:6:updateClockBuffer	24	static
main.c:167:6:setTimer0	16	static
main.c:172:6:setTimer1	16	static
main.c:177:6:timer_run	4	static
main.c:200:5:main	8	static
main.c:274:6:SystemClock_Config	72	static
main.c:310:13:MX_TIM2_Init	32	static
main.c:355:13:MX_GPIO_Init	32	static
main.c:406:6:HAL_TIM_PeriodElapsedCallback	16	static
main.c:415:6:Error_Handler	4	static,ignoring_inline_asm
