main.c:80:6:display7SEG	16	static
main.c:177:6:update7SEG	16	static
main.c:220:5:Get_Chuc	16	static
main.c:226:5:Get_Don_vi	16	static
main.c:232:6:updateClockBuffer	24	static
main.c:247:6:setTimer0	16	static
main.c:252:6:setTimer1	16	static
main.c:257:6:timer_run	4	static
main.c:280:5:main	8	static
main.c:354:6:SystemClock_Config	72	static
main.c:390:13:MX_TIM2_Init	32	static
main.c:435:13:MX_GPIO_Init	32	static
main.c:474:6:HAL_TIM_PeriodElapsedCallback	16	static
main.c:483:6:Error_Handler	4	static,ignoring_inline_asm
