main.c:78:6:display7SEG	16	static
main.c:175:6:which_7SEG	16	static
main.c:221:6:update7SEG	16	static
main.c:264:5:Get_Chuc	16	static
main.c:270:5:Get_Don_vi	16	static
main.c:276:6:updateClockBuffer	24	static
main.c:291:6:setTimer0	16	static
main.c:296:6:timer_run	4	static
main.c:314:5:main	8	static
main.c:380:6:SystemClock_Config	72	static
main.c:416:13:MX_TIM2_Init	32	static
main.c:461:13:MX_GPIO_Init	32	static
main.c:503:6:HAL_TIM_PeriodElapsedCallback	16	static
main.c:524:6:Error_Handler	4	static,ignoring_inline_asm
