main.c:80:6:display7SEG	16	static
main.c:90:6:which_7SEG	16	static
main.c:133:6:update7SEG	16	static
main.c:176:5:Get_Chuc	16	static
main.c:182:5:Get_Don_vi	16	static
main.c:188:6:updateClockBuffer	24	static
main.c:203:6:setTimer0	16	static
main.c:208:6:timer_run	4	static
main.c:226:5:main	8	static
main.c:292:6:SystemClock_Config	72	static
main.c:328:13:MX_TIM2_Init	32	static
main.c:373:13:MX_GPIO_Init	32	static
main.c:415:6:HAL_TIM_PeriodElapsedCallback	16	static
main.c:436:6:Error_Handler	4	static,ignoring_inline_asm
