13:58:28 **** Build of configuration Debug for project Lab 1_ EX1-5 ****
make -j12 all 
arm-none-eabi-gcc "../Drivers/STM32F1xx_HAL_Driver/Src/stm32f1xx_hal.c" -mcpu=cortex-m3 -std=gnu11 -g3 -DDEBUG -DUSE_HAL_DRIVER -DSTM32F103x6 -c -I../Core/Inc -I../Drivers/STM32F1xx_HAL_Driver/Inc -I../Drivers/STM32F1xx_HAL_Driver/Inc/Legacy -I../Drivers/CMSIS/Device/ST/STM32F1xx/Include -I../Drivers/CMSIS/Include -O0 -ffunction-sections -fdata-sections -Wall -fstack-usage -MMD -MP -MF"Drivers/STM32F1xx_HAL_Driver/Src/stm32f1xx_hal.d" -MT"Drivers/STM32F1xx_HAL_Driver/Src/stm32f1xx_hal.o" --specs=nano.specs -mfloat-abi=soft -mthumb -o "Drivers/STM32F1xx_HAL_Driver/Src/stm32f1xx_hal.o"
arm-none-eabi-gcc "../Drivers/STM32F1xx_HAL_Driver/Src/stm32f1xx_hal_cortex.c" -mcpu=cortex-m3 -std=gnu11 -g3 -DDEBUG -DUSE_HAL_DRIVER -DSTM32F103x6 -c -I../Core/Inc -I../Drivers/STM32F1xx_HAL_Driver/Inc -I../Drivers/STM32F1xx_HAL_Driver/Inc/Legacy -I../Drivers/CMSIS/Device/ST/STM32F1xx/Include -I../Drivers/CMSIS/Include -O0 -ffunction-sections -fdata-sections -Wall -fstack-usage -MMD -MP -MF"Drivers/STM32F1xx_HAL_Driver/Src/stm32f1xx_hal_cortex.d" -MT"Drivers/STM32F1xx_HAL_Driver/Src/stm32f1xx_hal_cortex.o" --specs=nano.specs -mfloat-abi=soft -mthumb -o "Drivers/STM32F1xx_HAL_Driver/Src/stm32f1xx_hal_cortex.o"
arm-none-eabi-gcc "../Drivers/STM32F1xx_HAL_Driver/Src/stm32f1xx_hal_dma.c" -mcpu=cortex-m3 -std=gnu11 -g3 -DDEBUG -DUSE_HAL_DRIVER -DSTM32F103x6 -c -I../Core/Inc -I../Drivers/STM32F1xx_HAL_Driver/Inc -I../Drivers/STM32F1xx_HAL_Driver/Inc/Legacy -I../Drivers/CMSIS/Device/ST/STM32F1xx/Include -I../Drivers/CMSIS/Include -O0 -ffunction-sections -fdata-sections -Wall -fstack-usage -MMD -MP -MF"Drivers/STM32F1xx_HAL_Driver/Src/stm32f1xx_hal_dma.d" -MT"Drivers/STM32F1xx_HAL_Driver/Src/stm32f1xx_hal_dma.o" --specs=nano.specs -mfloat-abi=soft -mthumb -o "Drivers/STM32F1xx_HAL_Driver/Src/stm32f1xx_hal_dma.o"
arm-none-eabi-gcc "../Drivers/STM32F1xx_HAL_Driver/Src/stm32f1xx_hal_exti.c" -mcpu=cortex-m3 -std=gnu11 -g3 -DDEBUG -DUSE_HAL_DRIVER -DSTM32F103x6 -c -I../Core/Inc -I../Drivers/STM32F1xx_HAL_Driver/Inc -I../Drivers/STM32F1xx_HAL_Driver/Inc/Legacy -I../Drivers/CMSIS/Device/ST/STM32F1xx/Include -I../Drivers/CMSIS/Include -O0 -ffunction-sections -fdata-sections -Wall -fstack-usage -MMD -MP -MF"Drivers/STM32F1xx_HAL_Driver/Src/stm32f1xx_hal_exti.d" -MT"Drivers/STM32F1xx_HAL_Driver/Src/stm32f1xx_hal_exti.o" --specs=nano.specs -mfloat-abi=soft -mthumb -o "Drivers/STM32F1xx_HAL_Driver/Src/stm32f1xx_hal_exti.o"
arm-none-eabi-gcc "../Drivers/STM32F1xx_HAL_Driver/Src/stm32f1xx_hal_flash.c" -mcpu=cortex-m3 -std=gnu11 -g3 -DDEBUG -DUSE_HAL_DRIVER -DSTM32F103x6 -c -I../Core/Inc -I../Drivers/STM32F1xx_HAL_Driver/Inc -I../Drivers/STM32F1xx_HAL_Driver/Inc/Legacy -I../Drivers/CMSIS/Device/ST/STM32F1xx/Include -I../Drivers/CMSIS/Include -O0 -ffunction-sections -fdata-sections -Wall -fstack-usage -MMD -MP -MF"Drivers/STM32F1xx_HAL_Driver/Src/stm32f1xx_hal_flash.d" -MT"Drivers/STM32F1xx_HAL_Driver/Src/stm32f1xx_hal_flash.o" --specs=nano.specs -mfloat-abi=soft -mthumb -o "Drivers/STM32F1xx_HAL_Driver/Src/stm32f1xx_hal_flash.o"
arm-none-eabi-gcc "../Drivers/STM32F1xx_HAL_Driver/Src/stm32f1xx_hal_flash_ex.c" -mcpu=cortex-m3 -std=gnu11 -g3 -DDEBUG -DUSE_HAL_DRIVER -DSTM32F103x6 -c -I../Core/Inc -I../Drivers/STM32F1xx_HAL_Driver/Inc -I../Drivers/STM32F1xx_HAL_Driver/Inc/Legacy -I../Drivers/CMSIS/Device/ST/STM32F1xx/Include -I../Drivers/CMSIS/Include -O0 -ffunction-sections -fdata-sections -Wall -fstack-usage -MMD -MP -MF"Drivers/STM32F1xx_HAL_Driver/Src/stm32f1xx_hal_flash_ex.d" -MT"Drivers/STM32F1xx_HAL_Driver/Src/stm32f1xx_hal_flash_ex.o" --specs=nano.specs -mfloat-abi=soft -mthumb -o "Drivers/STM32F1xx_HAL_Driver/Src/stm32f1xx_hal_flash_ex.o"
arm-none-eabi-gcc "../Drivers/STM32F1xx_HAL_Driver/Src/stm32f1xx_hal_gpio.c" -mcpu=cortex-m3 -std=gnu11 -g3 -DDEBUG -DUSE_HAL_DRIVER -DSTM32F103x6 -c -I../Core/Inc -I../Drivers/STM32F1xx_HAL_Driver/Inc -I../Drivers/STM32F1xx_HAL_Driver/Inc/Legacy -I../Drivers/CMSIS/Device/ST/STM32F1xx/Include -I../Drivers/CMSIS/Include -O0 -ffunction-sections -fdata-sections -Wall -fstack-usage -MMD -MP -MF"Drivers/STM32F1xx_HAL_Driver/Src/stm32f1xx_hal_gpio.d" -MT"Drivers/STM32F1xx_HAL_Driver/Src/stm32f1xx_hal_gpio.o" --specs=nano.specs -mfloat-abi=soft -mthumb -o "Drivers/STM32F1xx_HAL_Driver/Src/stm32f1xx_hal_gpio.o"
arm-none-eabi-gcc "../Drivers/STM32F1xx_HAL_Driver/Src/stm32f1xx_hal_gpio_ex.c" -mcpu=cortex-m3 -std=gnu11 -g3 -DDEBUG -DUSE_HAL_DRIVER -DSTM32F103x6 -c -I../Core/Inc -I../Drivers/STM32F1xx_HAL_Driver/Inc -I../Drivers/STM32F1xx_HAL_Driver/Inc/Legacy -I../Drivers/CMSIS/Device/ST/STM32F1xx/Include -I../Drivers/CMSIS/Include -O0 -ffunction-sections -fdata-sections -Wall -fstack-usage -MMD -MP -MF"Drivers/STM32F1xx_HAL_Driver/Src/stm32f1xx_hal_gpio_ex.d" -MT"Drivers/STM32F1xx_HAL_Driver/Src/stm32f1xx_hal_gpio_ex.o" --specs=nano.specs -mfloat-abi=soft -mthumb -o "Drivers/STM32F1xx_HAL_Driver/Src/stm32f1xx_hal_gpio_ex.o"
arm-none-eabi-gcc "../Drivers/STM32F1xx_HAL_Driver/Src/stm32f1xx_hal_pwr.c" -mcpu=cortex-m3 -std=gnu11 -g3 -DDEBUG -DUSE_HAL_DRIVER -DSTM32F103x6 -c -I../Core/Inc -I../Drivers/STM32F1xx_HAL_Driver/Inc -I../Drivers/STM32F1xx_HAL_Driver/Inc/Legacy -I../Drivers/CMSIS/Device/ST/STM32F1xx/Include -I../Drivers/CMSIS/Include -O0 -ffunction-sections -fdata-sections -Wall -fstack-usage -MMD -MP -MF"Drivers/STM32F1xx_HAL_Driver/Src/stm32f1xx_hal_pwr.d" -MT"Drivers/STM32F1xx_HAL_Driver/Src/stm32f1xx_hal_pwr.o" --specs=nano.specs -mfloat-abi=soft -mthumb -o "Drivers/STM32F1xx_HAL_Driver/Src/stm32f1xx_hal_pwr.o"
arm-none-eabi-gcc "../Drivers/STM32F1xx_HAL_Driver/Src/stm32f1xx_hal_rcc.c" -mcpu=cortex-m3 -std=gnu11 -g3 -DDEBUG -DUSE_HAL_DRIVER -DSTM32F103x6 -c -I../Core/Inc -I../Drivers/STM32F1xx_HAL_Driver/Inc -I../Drivers/STM32F1xx_HAL_Driver/Inc/Legacy -I../Drivers/CMSIS/Device/ST/STM32F1xx/Include -I../Drivers/CMSIS/Include -O0 -ffunction-sections -fdata-sections -Wall -fstack-usage -MMD -MP -MF"Drivers/STM32F1xx_HAL_Driver/Src/stm32f1xx_hal_rcc.d" -MT"Drivers/STM32F1xx_HAL_Driver/Src/stm32f1xx_hal_rcc.o" --specs=nano.specs -mfloat-abi=soft -mthumb -o "Drivers/STM32F1xx_HAL_Driver/Src/stm32f1xx_hal_rcc.o"
arm-none-eabi-gcc "../Drivers/STM32F1xx_HAL_Driver/Src/stm32f1xx_hal_rcc_ex.c" -mcpu=cortex-m3 -std=gnu11 -g3 -DDEBUG -DUSE_HAL_DRIVER -DSTM32F103x6 -c -I../Core/Inc -I../Drivers/STM32F1xx_HAL_Driver/Inc -I../Drivers/STM32F1xx_HAL_Driver/Inc/Legacy -I../Drivers/CMSIS/Device/ST/STM32F1xx/Include -I../Drivers/CMSIS/Include -O0 -ffunction-sections -fdata-sections -Wall -fstack-usage -MMD -MP -MF"Drivers/STM32F1xx_HAL_Driver/Src/stm32f1xx_hal_rcc_ex.d" -MT"Drivers/STM32F1xx_HAL_Driver/Src/stm32f1xx_hal_rcc_ex.o" --specs=nano.specs -mfloat-abi=soft -mthumb -o "Drivers/STM32F1xx_HAL_Driver/Src/stm32f1xx_hal_rcc_ex.o"
arm-none-eabi-gcc "../Drivers/STM32F1xx_HAL_Driver/Src/stm32f1xx_hal_tim.c" -mcpu=cortex-m3 -std=gnu11 -g3 -DDEBUG -DUSE_HAL_DRIVER -DSTM32F103x6 -c -I../Core/Inc -I../Drivers/STM32F1xx_HAL_Driver/Inc -I../Drivers/STM32F1xx_HAL_Driver/Inc/Legacy -I../Drivers/CMSIS/Device/ST/STM32F1xx/Include -I../Drivers/CMSIS/Include -O0 -ffunction-sections -fdata-sections -Wall -fstack-usage -MMD -MP -MF"Drivers/STM32F1xx_HAL_Driver/Src/stm32f1xx_hal_tim.d" -MT"Drivers/STM32F1xx_HAL_Driver/Src/stm32f1xx_hal_tim.o" --specs=nano.specs -mfloat-abi=soft -mthumb -o "Drivers/STM32F1xx_HAL_Driver/Src/stm32f1xx_hal_tim.o"
arm-none-eabi-gcc "../Drivers/STM32F1xx_HAL_Driver/Src/stm32f1xx_hal_tim_ex.c" -mcpu=cortex-m3 -std=gnu11 -g3 -DDEBUG -DUSE_HAL_DRIVER -DSTM32F103x6 -c -I../Core/Inc -I../Drivers/STM32F1xx_HAL_Driver/Inc -I../Drivers/STM32F1xx_HAL_Driver/Inc/Legacy -I../Drivers/CMSIS/Device/ST/STM32F1xx/Include -I../Drivers/CMSIS/Include -O0 -ffunction-sections -fdata-sections -Wall -fstack-usage -MMD -MP -MF"Drivers/STM32F1xx_HAL_Driver/Src/stm32f1xx_hal_tim_ex.d" -MT"Drivers/STM32F1xx_HAL_Driver/Src/stm32f1xx_hal_tim_ex.o" --specs=nano.specs -mfloat-abi=soft -mthumb -o "Drivers/STM32F1xx_HAL_Driver/Src/stm32f1xx_hal_tim_ex.o"
arm-none-eabi-gcc -mcpu=cortex-m3 -g3 -DDEBUG -c -x assembler-with-cpp -MMD -MP -MF"Core/Startup/startup_stm32f103c6ux.d" -MT"Core/Startup/startup_stm32f103c6ux.o" --specs=nano.specs -mfloat-abi=soft -mthumb -o "Core/Startup/startup_stm32f103c6ux.o" "../Core/Startup/startup_stm32f103c6ux.s"
arm-none-eabi-gcc "../Core/Src/main.c" -mcpu=cortex-m3 -std=gnu11 -g3 -DDEBUG -DUSE_HAL_DRIVER -DSTM32F103x6 -c -I../Core/Inc -I../Drivers/STM32F1xx_HAL_Driver/Inc -I../Drivers/STM32F1xx_HAL_Driver/Inc/Legacy -I../Drivers/CMSIS/Device/ST/STM32F1xx/Include -I../Drivers/CMSIS/Include -O0 -ffunction-sections -fdata-sections -Wall -fstack-usage -MMD -MP -MF"Core/Src/main.d" -MT"Core/Src/main.o" --specs=nano.specs -mfloat-abi=soft -mthumb -o "Core/Src/main.o"
arm-none-eabi-gcc "../Core/Src/stm32f1xx_hal_msp.c" -mcpu=cortex-m3 -std=gnu11 -g3 -DDEBUG -DUSE_HAL_DRIVER -DSTM32F103x6 -c -I../Core/Inc -I../Drivers/STM32F1xx_HAL_Driver/Inc -I../Drivers/STM32F1xx_HAL_Driver/Inc/Legacy -I../Drivers/CMSIS/Device/ST/STM32F1xx/Include -I../Drivers/CMSIS/Include -O0 -ffunction-sections -fdata-sections -Wall -fstack-usage -MMD -MP -MF"Core/Src/stm32f1xx_hal_msp.d" -MT"Core/Src/stm32f1xx_hal_msp.o" --specs=nano.specs -mfloat-abi=soft -mthumb -o "Core/Src/stm32f1xx_hal_msp.o"
arm-none-eabi-gcc "../Core/Src/stm32f1xx_it.c" -mcpu=cortex-m3 -std=gnu11 -g3 -DDEBUG -DUSE_HAL_DRIVER -DSTM32F103x6 -c -I../Core/Inc -I../Drivers/STM32F1xx_HAL_Driver/Inc -I../Drivers/STM32F1xx_HAL_Driver/Inc/Legacy -I../Drivers/CMSIS/Device/ST/STM32F1xx/Include -I../Drivers/CMSIS/Include -O0 -ffunction-sections -fdata-sections -Wall -fstack-usage -MMD -MP -MF"Core/Src/stm32f1xx_it.d" -MT"Core/Src/stm32f1xx_it.o" --specs=nano.specs -mfloat-abi=soft -mthumb -o "Core/Src/stm32f1xx_it.o"
arm-none-eabi-gcc "../Core/Src/syscalls.c" -mcpu=cortex-m3 -std=gnu11 -g3 -DDEBUG -DUSE_HAL_DRIVER -DSTM32F103x6 -c -I../Core/Inc -I../Drivers/STM32F1xx_HAL_Driver/Inc -I../Drivers/STM32F1xx_HAL_Driver/Inc/Legacy -I../Drivers/CMSIS/Device/ST/STM32F1xx/Include -I../Drivers/CMSIS/Include -O0 -ffunction-sections -fdata-sections -Wall -fstack-usage -MMD -MP -MF"Core/Src/syscalls.d" -MT"Core/Src/syscalls.o" --specs=nano.specs -mfloat-abi=soft -mthumb -o "Core/Src/syscalls.o"
arm-none-eabi-gcc "../Core/Src/sysmem.c" -mcpu=cortex-m3 -std=gnu11 -g3 -DDEBUG -DUSE_HAL_DRIVER -DSTM32F103x6 -c -I../Core/Inc -I../Drivers/STM32F1xx_HAL_Driver/Inc -I../Drivers/STM32F1xx_HAL_Driver/Inc/Legacy -I../Drivers/CMSIS/Device/ST/STM32F1xx/Include -I../Drivers/CMSIS/Include -O0 -ffunction-sections -fdata-sections -Wall -fstack-usage -MMD -MP -MF"Core/Src/sysmem.d" -MT"Core/Src/sysmem.o" --specs=nano.specs -mfloat-abi=soft -mthumb -o "Core/Src/sysmem.o"
arm-none-eabi-gcc "../Core/Src/system_stm32f1xx.c" -mcpu=cortex-m3 -std=gnu11 -g3 -DDEBUG -DUSE_HAL_DRIVER -DSTM32F103x6 -c -I../Core/Inc -I../Drivers/STM32F1xx_HAL_Driver/Inc -I../Drivers/STM32F1xx_HAL_Driver/Inc/Legacy -I../Drivers/CMSIS/Device/ST/STM32F1xx/Include -I../Drivers/CMSIS/Include -O0 -ffunction-sections -fdata-sections -Wall -fstack-usage -MMD -MP -MF"Core/Src/system_stm32f1xx.d" -MT"Core/Src/system_stm32f1xx.o" --specs=nano.specs -mfloat-abi=soft -mthumb -o "Core/Src/system_stm32f1xx.o"
../Core/Src/main.c: In function 'main':
../Core/Src/main.c:243:5: error: 'YELLOW1_status' undeclared (first use in this function); did you mean 'YELLOW1_stat'?
  243 |     YELLOW1_status = ON;
      |     ^~~~~~~~~~~~~~
      |     YELLOW1_stat
../Core/Src/main.c:243:5: note: each undeclared identifier is reported only once for each function it appears in
../Core/Src/main.c:244:5: error: 'RED1_status' undeclared (first use in this function); did you mean 'RED1_stat'?
  244 |     RED1_status = OFF;
      |     ^~~~~~~~~~~
      |     RED1_stat
../Core/Src/main.c:260:31: error: invalid use of void expression
  260 |     ----------------------------
      |                               ^~
../Core/Src/main.c:231:8: warning: unused variable 'GREEN2_stat' [-Wunused-variable]
  231 |    int GREEN2_stat = ON;
      |        ^~~~~~~~~~~
../Core/Src/main.c:230:8: warning: unused variable 'YELLOW2_stat' [-Wunused-variable]
  230 |    int YELLOW2_stat = OFF;
      |        ^~~~~~~~~~~~
../Core/Src/main.c:229:8: warning: unused variable 'RED2_stat' [-Wunused-variable]
  229 |    int RED2_stat = OFF;
      |        ^~~~~~~~~
../Core/Src/main.c:227:8: warning: unused variable 'GREEN1_stat' [-Wunused-variable]
  227 |    int GREEN1_stat = OFF;
      |        ^~~~~~~~~~~
../Core/Src/main.c:223:8: warning: unused variable 'GREEN2_count' [-Wunused-variable]
  223 |    int GREEN2_count = GREEN_COUNTER;
      |        ^~~~~~~~~~~~
../Core/Src/main.c:222:8: warning: unused variable 'YELLOW2_count' [-Wunused-variable]
  222 |    int YELLOW2_count = YELLOW_COUNTER;
      |        ^~~~~~~~~~~~~
../Core/Src/main.c:221:9: warning: unused variable 'RED2_count' [-Wunused-variable]
  221 |     int RED2_count = RED_COUNTER;
      |         ^~~~~~~~~~
../Core/Src/main.c:219:6: warning: unused variable 'GREEN1_count' [-Wunused-variable]
  219 |  int GREEN1_count = GREEN_COUNTER;
      |      ^~~~~~~~~~~~
../Core/Src/main.c:218:6: warning: unused variable 'YELLOW1_count' [-Wunused-variable]
  218 |  int YELLOW1_count = YELLOW_COUNTER;
      |      ^~~~~~~~~~~~~
../Core/Src/main.c:217:8: warning: unused variable 'RED1_count' [-Wunused-variable]
  217 |    int RED1_count = RED_COUNTER;
      |        ^~~~~~~~~~
make: *** [Core/Src/subdir.mk:34: Core/Src/main.o] Error 1
make: *** Waiting for unfinished jobs....
"make -j12 all" terminated with exit code 2. Build might be incomplete.
13:58:50 **** Incremental Build of configuration Debug for project Lab 1_ EX1-5 ****
make -j12 all 
arm-none-eabi-gcc "../Core/Src/main.c" -mcpu=cortex-m3 -std=gnu11 -g3 -DDEBUG -DUSE_HAL_DRIVER -DSTM32F103x6 -c -I../Core/Inc -I../Drivers/STM32F1xx_HAL_Driver/Inc -I../Drivers/STM32F1xx_HAL_Driver/Inc/Legacy -I../Drivers/CMSIS/Device/ST/STM32F1xx/Include -I../Drivers/CMSIS/Include -O0 -ffunction-sections -fdata-sections -Wall -fstack-usage -MMD -MP -MF"Core/Src/main.d" -MT"Core/Src/main.o" --specs=nano.specs -mfloat-abi=soft -mthumb -o "Core/Src/main.o"
../Core/Src/main.c: In function 'main':
../Core/Src/main.c:260:31: error: invalid use of void expression
  260 |     ----------------------------
      |                               ^~
../Core/Src/main.c:231:8: warning: unused variable 'GREEN2_stat' [-Wunused-variable]
  231 |    int GREEN2_stat = ON;
      |        ^~~~~~~~~~~
../Core/Src/main.c:230:8: warning: unused variable 'YELLOW2_stat' [-Wunused-variable]
  230 |    int YELLOW2_stat = OFF;
      |        ^~~~~~~~~~~~
../Core/Src/main.c:229:8: warning: unused variable 'RED2_stat' [-Wunused-variable]
  229 |    int RED2_stat = OFF;
      |        ^~~~~~~~~
../Core/Src/main.c:227:8: warning: unused variable 'GREEN1_stat' [-Wunused-variable]
  227 |    int GREEN1_stat = OFF;
      |        ^~~~~~~~~~~
../Core/Src/main.c:223:8: warning: unused variable 'GREEN2_count' [-Wunused-variable]
  223 |    int GREEN2_count = GREEN_COUNTER;
      |        ^~~~~~~~~~~~
../Core/Src/main.c:222:8: warning: unused variable 'YELLOW2_count' [-Wunused-variable]
  222 |    int YELLOW2_count = YELLOW_COUNTER;
      |        ^~~~~~~~~~~~~
../Core/Src/main.c:221:9: warning: unused variable 'RED2_count' [-Wunused-variable]
  221 |     int RED2_count = RED_COUNTER;
      |         ^~~~~~~~~~
../Core/Src/main.c:219:6: warning: unused variable 'GREEN1_count' [-Wunused-variable]
  219 |  int GREEN1_count = GREEN_COUNTER;
      |      ^~~~~~~~~~~~
../Core/Src/main.c:218:6: warning: unused variable 'YELLOW1_count' [-Wunused-variable]
  218 |  int YELLOW1_count = YELLOW_COUNTER;
      |      ^~~~~~~~~~~~~
../Core/Src/main.c:217:8: warning: unused variable 'RED1_count' [-Wunused-variable]
  217 |    int RED1_count = RED_COUNTER;
      |        ^~~~~~~~~~
make: *** [Core/Src/subdir.mk:34: Core/Src/main.o] Error 1
"make -j12 all" terminated with exit code 2. Build might be incomplete.
13:58:55 **** Incremental Build of configuration Debug for project Lab 1_ EX1-5 ****
make -j12 all 
arm-none-eabi-gcc "../Core/Src/main.c" -mcpu=cortex-m3 -std=gnu11 -g3 -DDEBUG -DUSE_HAL_DRIVER -DSTM32F103x6 -c -I../Core/Inc -I../Drivers/STM32F1xx_HAL_Driver/Inc -I../Drivers/STM32F1xx_HAL_Driver/Inc/Legacy -I../Drivers/CMSIS/Device/ST/STM32F1xx/Include -I../Drivers/CMSIS/Include -O0 -ffunction-sections -fdata-sections -Wall -fstack-usage -MMD -MP -MF"Core/Src/main.d" -MT"Core/Src/main.o" --specs=nano.specs -mfloat-abi=soft -mthumb -o "Core/Src/main.o"
../Core/Src/main.c: In function 'main':
../Core/Src/main.c:260:31: error: invalid use of void expression
  260 |     ----------------------------
      |                               ^~
../Core/Src/main.c:231:8: warning: unused variable 'GREEN2_stat' [-Wunused-variable]
  231 |    int GREEN2_stat = ON;
      |        ^~~~~~~~~~~
../Core/Src/main.c:230:8: warning: unused variable 'YELLOW2_stat' [-Wunused-variable]
  230 |    int YELLOW2_stat = OFF;
      |        ^~~~~~~~~~~~
../Core/Src/main.c:229:8: warning: unused variable 'RED2_stat' [-Wunused-variable]
  229 |    int RED2_stat = OFF;
      |        ^~~~~~~~~
../Core/Src/main.c:227:8: warning: unused variable 'GREEN1_stat' [-Wunused-variable]
  227 |    int GREEN1_stat = OFF;
      |        ^~~~~~~~~~~
../Core/Src/main.c:223:8: warning: unused variable 'GREEN2_count' [-Wunused-variable]
  223 |    int GREEN2_count = GREEN_COUNTER;
      |        ^~~~~~~~~~~~
../Core/Src/main.c:222:8: warning: unused variable 'YELLOW2_count' [-Wunused-variable]
  222 |    int YELLOW2_count = YELLOW_COUNTER;
      |        ^~~~~~~~~~~~~
../Core/Src/main.c:221:9: warning: unused variable 'RED2_count' [-Wunused-variable]
  221 |     int RED2_count = RED_COUNTER;
      |         ^~~~~~~~~~
../Core/Src/main.c:219:6: warning: unused variable 'GREEN1_count' [-Wunused-variable]
  219 |  int GREEN1_count = GREEN_COUNTER;
      |      ^~~~~~~~~~~~
../Core/Src/main.c:218:6: warning: unused variable 'YELLOW1_count' [-Wunused-variable]
  218 |  int YELLOW1_count = YELLOW_COUNTER;
      |      ^~~~~~~~~~~~~
../Core/Src/main.c:217:8: warning: unused variable 'RED1_count' [-Wunused-variable]
  217 |    int RED1_count = RED_COUNTER;
      |        ^~~~~~~~~~
make: *** [Core/Src/subdir.mk:34: Core/Src/main.o] Error 1
"make -j12 all" terminated with exit code 2. Build might be incomplete.
13:59:12 **** Incremental Build of configuration Debug for project Lab 1_ EX1-5 ****
make -j12 all 
arm-none-eabi-gcc "../Core/Src/main.c" -mcpu=cortex-m3 -std=gnu11 -g3 -DDEBUG -DUSE_HAL_DRIVER -DSTM32F103x6 -c -I../Core/Inc -I../Drivers/STM32F1xx_HAL_Driver/Inc -I../Drivers/STM32F1xx_HAL_Driver/Inc/Legacy -I../Drivers/CMSIS/Device/ST/STM32F1xx/Include -I../Drivers/CMSIS/Include -O0 -ffunction-sections -fdata-sections -Wall -fstack-usage -MMD -MP -MF"Core/Src/main.d" -MT"Core/Src/main.o" --specs=nano.specs -mfloat-abi=soft -mthumb -o "Core/Src/main.o"
../Core/Src/main.c: In function 'main':
../Core/Src/main.c:231:8: warning: unused variable 'GREEN2_stat' [-Wunused-variable]
  231 |    int GREEN2_stat = ON;
      |        ^~~~~~~~~~~
../Core/Src/main.c:230:8: warning: unused variable 'YELLOW2_stat' [-Wunused-variable]
  230 |    int YELLOW2_stat = OFF;
      |        ^~~~~~~~~~~~
../Core/Src/main.c:229:8: warning: unused variable 'RED2_stat' [-Wunused-variable]
  229 |    int RED2_stat = OFF;
      |        ^~~~~~~~~
../Core/Src/main.c:227:8: warning: unused variable 'GREEN1_stat' [-Wunused-variable]
  227 |    int GREEN1_stat = OFF;
      |        ^~~~~~~~~~~
../Core/Src/main.c:223:8: warning: unused variable 'GREEN2_count' [-Wunused-variable]
  223 |    int GREEN2_count = GREEN_COUNTER;
      |        ^~~~~~~~~~~~
../Core/Src/main.c:222:8: warning: unused variable 'YELLOW2_count' [-Wunused-variable]
  222 |    int YELLOW2_count = YELLOW_COUNTER;
      |        ^~~~~~~~~~~~~
../Core/Src/main.c:221:9: warning: unused variable 'RED2_count' [-Wunused-variable]
  221 |     int RED2_count = RED_COUNTER;
      |         ^~~~~~~~~~
../Core/Src/main.c:219:6: warning: unused variable 'GREEN1_count' [-Wunused-variable]
  219 |  int GREEN1_count = GREEN_COUNTER;
      |      ^~~~~~~~~~~~
../Core/Src/main.c:218:6: warning: unused variable 'YELLOW1_count' [-Wunused-variable]
  218 |  int YELLOW1_count = YELLOW_COUNTER;
      |      ^~~~~~~~~~~~~
../Core/Src/main.c:217:8: warning: unused variable 'RED1_count' [-Wunused-variable]
  217 |    int RED1_count = RED_COUNTER;
      |        ^~~~~~~~~~
arm-none-eabi-gcc -o "Lab 1_ EX1-5.elf" @"objects.list"   -mcpu=cortex-m3 -T"C:\Stm32 version 2\Lab 1_ EX1-5\STM32F103C6UX_FLASH.ld" --specs=nosys.specs -Wl,-Map="Lab 1_ EX1-5.map" -Wl,--gc-sections -static --specs=nano.specs -mfloat-abi=soft -mthumb -Wl,--start-group -lc -lm -Wl,--end-group
Finished building target: Lab 1_ EX1-5.elf
 
arm-none-eabi-size   Lab\ 1_\ EX1-5.elf 
arm-none-eabi-objdump -h -S  Lab\ 1_\ EX1-5.elf  > "Lab 1_ EX1-5.list"
arm-none-eabi-objcopy  -O binary  Lab\ 1_\ EX1-5.elf  "Lab 1_ EX1-5.bin"
   text	   data	    bss	    dec	    hex	filename
   4772	     20	   1572	   6364	   18dc	Lab 1_ EX1-5.elf
Finished building: default.size.stdout
 
Finished building: Lab 1_ EX1-5.bin
Finished building: Lab 1_ EX1-5.list
 
 
13:59:29 **** Incremental Build of configuration Debug for project Lab 1_ EX1-5 ****
make -j12 all 
arm-none-eabi-gcc -o "Lab 1_ EX1-5.elf" @"objects.list"   -mcpu=cortex-m3 -T"C:\Stm32 version 2\Lab 1_ EX1-5\STM32F103C6UX_FLASH.ld" --specs=nosys.specs -Wl,-Map="Lab 1_ EX1-5.map" -Wl,--gc-sections -static --specs=nano.specs -mfloat-abi=soft -mthumb -Wl,--start-group -lc -lm -Wl,--end-group
Finished building target: Lab 1_ EX1-5.elf
 
arm-none-eabi-size   Lab\ 1_\ EX1-5.elf 
arm-none-eabi-objdump -h -S  Lab\ 1_\ EX1-5.elf  > "Lab 1_ EX1-5.list"
arm-none-eabi-objcopy  -O ihex  Lab\ 1_\ EX1-5.elf  "Lab 1_ EX1-5.hex"
arm-none-eabi-objcopy  -O binary  Lab\ 1_\ EX1-5.elf  "Lab 1_ EX1-5.bin"
   text	   data	    bss	    dec	    hex	filename
   4772	     20	   1572	   6364	   18dc	Lab 1_ EX1-5.elf
Finished building: default.size.stdout
 
Finished building: Lab 1_ EX1-5.hex
Finished building: Lab 1_ EX1-5.bin
Finished building: Lab 1_ EX1-5.list
 
 
 
14:00:58 **** Incremental Build of configuration Debug for project Lab 1_ EX1-5 ****
make -j12 all 
arm-none-eabi-gcc "../Core/Src/main.c" -mcpu=cortex-m3 -std=gnu11 -g3 -DDEBUG -DUSE_HAL_DRIVER -DSTM32F103x6 -c -I../Core/Inc -I../Drivers/STM32F1xx_HAL_Driver/Inc -I../Drivers/STM32F1xx_HAL_Driver/Inc/Legacy -I../Drivers/CMSIS/Device/ST/STM32F1xx/Include -I../Drivers/CMSIS/Include -O0 -ffunction-sections -fdata-sections -Wall -fstack-usage -MMD -MP -MF"Core/Src/main.d" -MT"Core/Src/main.o" --specs=nano.specs -mfloat-abi=soft -mthumb -o "Core/Src/main.o"
../Core/Src/main.c: In function 'main':
../Core/Src/main.c:231:8: warning: unused variable 'GREEN2_stat' [-Wunused-variable]
  231 |    int GREEN2_stat = ON;
      |        ^~~~~~~~~~~
../Core/Src/main.c:230:8: warning: unused variable 'YELLOW2_stat' [-Wunused-variable]
  230 |    int YELLOW2_stat = OFF;
      |        ^~~~~~~~~~~~
../Core/Src/main.c:229:8: warning: unused variable 'RED2_stat' [-Wunused-variable]
  229 |    int RED2_stat = OFF;
      |        ^~~~~~~~~
../Core/Src/main.c:227:8: warning: unused variable 'GREEN1_stat' [-Wunused-variable]
  227 |    int GREEN1_stat = OFF;
      |        ^~~~~~~~~~~
../Core/Src/main.c:223:8: warning: unused variable 'GREEN2_count' [-Wunused-variable]
  223 |    int GREEN2_count = GREEN_COUNTER;
      |        ^~~~~~~~~~~~
../Core/Src/main.c:222:8: warning: unused variable 'YELLOW2_count' [-Wunused-variable]
  222 |    int YELLOW2_count = YELLOW_COUNTER;
      |        ^~~~~~~~~~~~~
../Core/Src/main.c:221:9: warning: unused variable 'RED2_count' [-Wunused-variable]
  221 |     int RED2_count = RED_COUNTER;
      |         ^~~~~~~~~~
../Core/Src/main.c:219:6: warning: unused variable 'GREEN1_count' [-Wunused-variable]
  219 |  int GREEN1_count = GREEN_COUNTER;
      |      ^~~~~~~~~~~~
../Core/Src/main.c:218:6: warning: unused variable 'YELLOW1_count' [-Wunused-variable]
  218 |  int YELLOW1_count = YELLOW_COUNTER;
      |      ^~~~~~~~~~~~~
../Core/Src/main.c:217:8: warning: unused variable 'RED1_count' [-Wunused-variable]
  217 |    int RED1_count = RED_COUNTER;
      |        ^~~~~~~~~~
arm-none-eabi-gcc -o "Lab 1_ EX1-5.elf" @"objects.list"   -mcpu=cortex-m3 -T"C:\Stm32 version 2\Lab 1_ EX1-5\STM32F103C6UX_FLASH.ld" --specs=nosys.specs -Wl,-Map="Lab 1_ EX1-5.map" -Wl,--gc-sections -static --specs=nano.specs -mfloat-abi=soft -mthumb -Wl,--start-group -lc -lm -Wl,--end-group
Finished building target: Lab 1_ EX1-5.elf
 
arm-none-eabi-size   Lab\ 1_\ EX1-5.elf 
arm-none-eabi-objdump -h -S  Lab\ 1_\ EX1-5.elf  > "Lab 1_ EX1-5.list"
arm-none-eabi-objcopy  -O ihex  Lab\ 1_\ EX1-5.elf  "Lab 1_ EX1-5.hex"
arm-none-eabi-objcopy  -O binary  Lab\ 1_\ EX1-5.elf  "Lab 1_ EX1-5.bin"
   text	   data	    bss	    dec	    hex	filename
   4772	     20	   1572	   6364	   18dc	Lab 1_ EX1-5.elf
Finished building: default.size.stdout
 
Finished building: Lab 1_ EX1-5.hex
Finished building: Lab 1_ EX1-5.bin
Finished building: Lab 1_ EX1-5.list
 
 
 
14:01:22 **** Incremental Build of configuration Debug for project Lab 1_ EX1-5 ****
make -j12 all 
arm-none-eabi-gcc "../Core/Src/main.c" -mcpu=cortex-m3 -std=gnu11 -g3 -DDEBUG -DUSE_HAL_DRIVER -DSTM32F103x6 -c -I../Core/Inc -I../Drivers/STM32F1xx_HAL_Driver/Inc -I../Drivers/STM32F1xx_HAL_Driver/Inc/Legacy -I../Drivers/CMSIS/Device/ST/STM32F1xx/Include -I../Drivers/CMSIS/Include -O0 -ffunction-sections -fdata-sections -Wall -fstack-usage -MMD -MP -MF"Core/Src/main.d" -MT"Core/Src/main.o" --specs=nano.specs -mfloat-abi=soft -mthumb -o "Core/Src/main.o"
../Core/Src/main.c: In function 'main':
../Core/Src/main.c:231:8: warning: unused variable 'GREEN2_stat' [-Wunused-variable]
  231 |    int GREEN2_stat = ON;
      |        ^~~~~~~~~~~
../Core/Src/main.c:230:8: warning: unused variable 'YELLOW2_stat' [-Wunused-variable]
  230 |    int YELLOW2_stat = OFF;
      |        ^~~~~~~~~~~~
../Core/Src/main.c:229:8: warning: unused variable 'RED2_stat' [-Wunused-variable]
  229 |    int RED2_stat = OFF;
      |        ^~~~~~~~~
../Core/Src/main.c:227:8: warning: unused variable 'GREEN1_stat' [-Wunused-variable]
  227 |    int GREEN1_stat = OFF;
      |        ^~~~~~~~~~~
../Core/Src/main.c:223:8: warning: unused variable 'GREEN2_count' [-Wunused-variable]
  223 |    int GREEN2_count = GREEN_COUNTER;
      |        ^~~~~~~~~~~~
../Core/Src/main.c:222:8: warning: unused variable 'YELLOW2_count' [-Wunused-variable]
  222 |    int YELLOW2_count = YELLOW_COUNTER;
      |        ^~~~~~~~~~~~~
../Core/Src/main.c:221:9: warning: unused variable 'RED2_count' [-Wunused-variable]
  221 |     int RED2_count = RED_COUNTER;
      |         ^~~~~~~~~~
../Core/Src/main.c:219:6: warning: unused variable 'GREEN1_count' [-Wunused-variable]
  219 |  int GREEN1_count = GREEN_COUNTER;
      |      ^~~~~~~~~~~~
../Core/Src/main.c:218:6: warning: unused variable 'YELLOW1_count' [-Wunused-variable]
  218 |  int YELLOW1_count = YELLOW_COUNTER;
      |      ^~~~~~~~~~~~~
../Core/Src/main.c:217:8: warning: unused variable 'RED1_count' [-Wunused-variable]
  217 |    int RED1_count = RED_COUNTER;
      |        ^~~~~~~~~~
arm-none-eabi-gcc -o "Lab 1_ EX1-5.elf" @"objects.list"   -mcpu=cortex-m3 -T"C:\Stm32 version 2\Lab 1_ EX1-5\STM32F103C6UX_FLASH.ld" --specs=nosys.specs -Wl,-Map="Lab 1_ EX1-5.map" -Wl,--gc-sections -static --specs=nano.specs -mfloat-abi=soft -mthumb -Wl,--start-group -lc -lm -Wl,--end-group
Finished building target: Lab 1_ EX1-5.elf
 
arm-none-eabi-size   Lab\ 1_\ EX1-5.elf 
arm-none-eabi-objdump -h -S  Lab\ 1_\ EX1-5.elf  > "Lab 1_ EX1-5.list"
arm-none-eabi-objcopy  -O ihex  Lab\ 1_\ EX1-5.elf  "Lab 1_ EX1-5.hex"
arm-none-eabi-objcopy  -O binary  Lab\ 1_\ EX1-5.elf  "Lab 1_ EX1-5.bin"
   text	   data	    bss	    dec	    hex	filename
   4772	     20	   1572	   6364	   18dc	Lab 1_ EX1-5.elf
Finished building: default.size.stdout
 
Finished building: Lab 1_ EX1-5.hex
Finished building: Lab 1_ EX1-5.bin
Finished building: Lab 1_ EX1-5.list
 
 
 
14:01:56 **** Incremental Build of configuration Debug for project Lab 1_ EX1-5 ****
make -j12 all 
arm-none-eabi-gcc "../Core/Src/main.c" -mcpu=cortex-m3 -std=gnu11 -g3 -DDEBUG -DUSE_HAL_DRIVER -DSTM32F103x6 -c -I../Core/Inc -I../Drivers/STM32F1xx_HAL_Driver/Inc -I../Drivers/STM32F1xx_HAL_Driver/Inc/Legacy -I../Drivers/CMSIS/Device/ST/STM32F1xx/Include -I../Drivers/CMSIS/Include -O0 -ffunction-sections -fdata-sections -Wall -fstack-usage -MMD -MP -MF"Core/Src/main.d" -MT"Core/Src/main.o" --specs=nano.specs -mfloat-abi=soft -mthumb -o "Core/Src/main.o"
../Core/Src/main.c: In function 'main':
../Core/Src/main.c:231:8: warning: unused variable 'GREEN2_stat' [-Wunused-variable]
  231 |    int GREEN2_stat = ON;
      |        ^~~~~~~~~~~
../Core/Src/main.c:230:8: warning: unused variable 'YELLOW2_stat' [-Wunused-variable]
  230 |    int YELLOW2_stat = OFF;
      |        ^~~~~~~~~~~~
../Core/Src/main.c:229:8: warning: unused variable 'RED2_stat' [-Wunused-variable]
  229 |    int RED2_stat = OFF;
      |        ^~~~~~~~~
../Core/Src/main.c:227:8: warning: unused variable 'GREEN1_stat' [-Wunused-variable]
  227 |    int GREEN1_stat = OFF;
      |        ^~~~~~~~~~~
../Core/Src/main.c:223:8: warning: unused variable 'GREEN2_count' [-Wunused-variable]
  223 |    int GREEN2_count = GREEN_COUNTER;
      |        ^~~~~~~~~~~~
../Core/Src/main.c:222:8: warning: unused variable 'YELLOW2_count' [-Wunused-variable]
  222 |    int YELLOW2_count = YELLOW_COUNTER;
      |        ^~~~~~~~~~~~~
../Core/Src/main.c:221:9: warning: unused variable 'RED2_count' [-Wunused-variable]
  221 |     int RED2_count = RED_COUNTER;
      |         ^~~~~~~~~~
../Core/Src/main.c:219:6: warning: unused variable 'GREEN1_count' [-Wunused-variable]
  219 |  int GREEN1_count = GREEN_COUNTER;
      |      ^~~~~~~~~~~~
../Core/Src/main.c:218:6: warning: unused variable 'YELLOW1_count' [-Wunused-variable]
  218 |  int YELLOW1_count = YELLOW_COUNTER;
      |      ^~~~~~~~~~~~~
../Core/Src/main.c:217:8: warning: unused variable 'RED1_count' [-Wunused-variable]
  217 |    int RED1_count = RED_COUNTER;
      |        ^~~~~~~~~~
arm-none-eabi-gcc -o "Lab 1_ EX1-5.elf" @"objects.list"   -mcpu=cortex-m3 -T"C:\Stm32 version 2\Lab 1_ EX1-5\STM32F103C6UX_FLASH.ld" --specs=nosys.specs -Wl,-Map="Lab 1_ EX1-5.map" -Wl,--gc-sections -static --specs=nano.specs -mfloat-abi=soft -mthumb -Wl,--start-group -lc -lm -Wl,--end-group
Finished building target: Lab 1_ EX1-5.elf
 
arm-none-eabi-size   Lab\ 1_\ EX1-5.elf 
arm-none-eabi-objdump -h -S  Lab\ 1_\ EX1-5.elf  > "Lab 1_ EX1-5.list"
arm-none-eabi-objcopy  -O ihex  Lab\ 1_\ EX1-5.elf  "Lab 1_ EX1-5.hex"
arm-none-eabi-objcopy  -O binary  Lab\ 1_\ EX1-5.elf  "Lab 1_ EX1-5.bin"
   text	   data	    bss	    dec	    hex	filename
   4772	     20	   1572	   6364	   18dc	Lab 1_ EX1-5.elf
Finished building: default.size.stdout
 
Finished building: Lab 1_ EX1-5.hex
Finished building: Lab 1_ EX1-5.bin
Finished building: Lab 1_ EX1-5.list
 
 
 
14:04:39 **** Incremental Build of configuration Debug for project Lab 1_ EX1-5 ****
make -j12 all 
arm-none-eabi-gcc "../Core/Src/main.c" -mcpu=cortex-m3 -std=gnu11 -g3 -DDEBUG -DUSE_HAL_DRIVER -DSTM32F103x6 -c -I../Core/Inc -I../Drivers/STM32F1xx_HAL_Driver/Inc -I../Drivers/STM32F1xx_HAL_Driver/Inc/Legacy -I../Drivers/CMSIS/Device/ST/STM32F1xx/Include -I../Drivers/CMSIS/Include -O0 -ffunction-sections -fdata-sections -Wall -fstack-usage -MMD -MP -MF"Core/Src/main.d" -MT"Core/Src/main.o" --specs=nano.specs -mfloat-abi=soft -mthumb -o "Core/Src/main.o"
../Core/Src/main.c: In function 'main':
../Core/Src/main.c:231:8: warning: unused variable 'GREEN2_stat' [-Wunused-variable]
  231 |    int GREEN2_stat = ON;
      |        ^~~~~~~~~~~
../Core/Src/main.c:230:8: warning: unused variable 'YELLOW2_stat' [-Wunused-variable]
  230 |    int YELLOW2_stat = OFF;
      |        ^~~~~~~~~~~~
../Core/Src/main.c:229:8: warning: unused variable 'RED2_stat' [-Wunused-variable]
  229 |    int RED2_stat = OFF;
      |        ^~~~~~~~~
../Core/Src/main.c:227:8: warning: unused variable 'GREEN1_stat' [-Wunused-variable]
  227 |    int GREEN1_stat = OFF;
      |        ^~~~~~~~~~~
../Core/Src/main.c:223:8: warning: unused variable 'GREEN2_count' [-Wunused-variable]
  223 |    int GREEN2_count = GREEN_COUNTER;
      |        ^~~~~~~~~~~~
../Core/Src/main.c:222:8: warning: unused variable 'YELLOW2_count' [-Wunused-variable]
  222 |    int YELLOW2_count = YELLOW_COUNTER;
      |        ^~~~~~~~~~~~~
../Core/Src/main.c:221:9: warning: unused variable 'RED2_count' [-Wunused-variable]
  221 |     int RED2_count = RED_COUNTER;
      |         ^~~~~~~~~~
../Core/Src/main.c:219:6: warning: unused variable 'GREEN1_count' [-Wunused-variable]
  219 |  int GREEN1_count = GREEN_COUNTER;
      |      ^~~~~~~~~~~~
../Core/Src/main.c:218:6: warning: unused variable 'YELLOW1_count' [-Wunused-variable]
  218 |  int YELLOW1_count = YELLOW_COUNTER;
      |      ^~~~~~~~~~~~~
../Core/Src/main.c:217:8: warning: unused variable 'RED1_count' [-Wunused-variable]
  217 |    int RED1_count = RED_COUNTER;
      |        ^~~~~~~~~~
arm-none-eabi-gcc -o "Lab 1_ EX1-5.elf" @"objects.list"   -mcpu=cortex-m3 -T"C:\Stm32 version 2\Lab 1_ EX1-5\STM32F103C6UX_FLASH.ld" --specs=nosys.specs -Wl,-Map="Lab 1_ EX1-5.map" -Wl,--gc-sections -static --specs=nano.specs -mfloat-abi=soft -mthumb -Wl,--start-group -lc -lm -Wl,--end-group
Finished building target: Lab 1_ EX1-5.elf
 
arm-none-eabi-size   Lab\ 1_\ EX1-5.elf 
arm-none-eabi-objdump -h -S  Lab\ 1_\ EX1-5.elf  > "Lab 1_ EX1-5.list"
arm-none-eabi-objcopy  -O ihex  Lab\ 1_\ EX1-5.elf  "Lab 1_ EX1-5.hex"
arm-none-eabi-objcopy  -O binary  Lab\ 1_\ EX1-5.elf  "Lab 1_ EX1-5.bin"
   text	   data	    bss	    dec	    hex	filename
   4792	     20	   1572	   6384	   18f0	Lab 1_ EX1-5.elf
Finished building: default.size.stdout
 
Finished building: Lab 1_ EX1-5.hex
Finished building: Lab 1_ EX1-5.bin
Finished building: Lab 1_ EX1-5.list
 
 
 
14:07:06 **** Incremental Build of configuration Debug for project Lab 1_ EX1-5 ****
make -j12 all 
arm-none-eabi-gcc "../Core/Src/main.c" -mcpu=cortex-m3 -std=gnu11 -g3 -DDEBUG -DUSE_HAL_DRIVER -DSTM32F103x6 -c -I../Core/Inc -I../Drivers/STM32F1xx_HAL_Driver/Inc -I../Drivers/STM32F1xx_HAL_Driver/Inc/Legacy -I../Drivers/CMSIS/Device/ST/STM32F1xx/Include -I../Drivers/CMSIS/Include -O0 -ffunction-sections -fdata-sections -Wall -fstack-usage -MMD -MP -MF"Core/Src/main.d" -MT"Core/Src/main.o" --specs=nano.specs -mfloat-abi=soft -mthumb -o "Core/Src/main.o"
../Core/Src/main.c: In function 'main':
../Core/Src/main.c:272:5: error: 'RED_count' undeclared (first use in this function); did you mean 'RED2_count'?
  272 |     RED_count = 5;
      |     ^~~~~~~~~
      |     RED2_count
../Core/Src/main.c:272:5: note: each undeclared identifier is reported only once for each function it appears in
../Core/Src/main.c:273:5: error: 'RED_stat' undeclared (first use in this function); did you mean 'RED2_stat'?
  273 |     RED_stat = 1;
      |     ^~~~~~~~
      |     RED2_stat
../Core/Src/main.c:274:5: error: 'YELLOW_stat' undeclared (first use in this function); did you mean 'YELLOW2_stat'?
  274 |     YELLOW_stat = 1;
      |     ^~~~~~~~~~~
      |     YELLOW2_stat
../Core/Src/main.c:275:5: error: 'GREEN_stat' undeclared (first use in this function); did you mean 'GREEN2_stat'?
  275 |     GREEN_stat = 0;
      |     ^~~~~~~~~~
      |     GREEN2_stat
../Core/Src/main.c:281:7: error: 'GREEN_count' undeclared (first use in this function); did you mean 'GREEN2_count'?
  281 |    if(GREEN_count == 0){
      |       ^~~~~~~~~~~
      |       GREEN2_count
../Core/Src/main.c:291:7: error: 'YELLOW_count' undeclared (first use in this function); did you mean 'YELLOW2_count'?
  291 |    if(YELLOW_count == 0){
      |       ^~~~~~~~~~~~
      |       YELLOW2_count
../Core/Src/main.c:231:8: warning: unused variable 'GREEN2_stat' [-Wunused-variable]
  231 |    int GREEN2_stat = ON;
      |        ^~~~~~~~~~~
../Core/Src/main.c:230:8: warning: unused variable 'YELLOW2_stat' [-Wunused-variable]
  230 |    int YELLOW2_stat = OFF;
      |        ^~~~~~~~~~~~
../Core/Src/main.c:229:8: warning: unused variable 'RED2_stat' [-Wunused-variable]
  229 |    int RED2_stat = OFF;
      |        ^~~~~~~~~
../Core/Src/main.c:223:8: warning: unused variable 'GREEN2_count' [-Wunused-variable]
  223 |    int GREEN2_count = GREEN_COUNTER;
      |        ^~~~~~~~~~~~
../Core/Src/main.c:222:8: warning: unused variable 'YELLOW2_count' [-Wunused-variable]
  222 |    int YELLOW2_count = YELLOW_COUNTER;
      |        ^~~~~~~~~~~~~
../Core/Src/main.c:221:9: warning: unused variable 'RED2_count' [-Wunused-variable]
  221 |     int RED2_count = RED_COUNTER;
      |         ^~~~~~~~~~
../Core/Src/main.c:215:8: warning: unused variable 'time_counter' [-Wunused-variable]
  215 |    int time_counter = GENERAL_COUNTER;
      |        ^~~~~~~~~~~~
make: *** [Core/Src/subdir.mk:34: Core/Src/main.o] Error 1
"make -j12 all" terminated with exit code 2. Build might be incomplete.
14:08:10 **** Incremental Build of configuration Debug for project Lab 1_ EX1-5 ****
make -j12 all 
arm-none-eabi-gcc "../Core/Src/main.c" -mcpu=cortex-m3 -std=gnu11 -g3 -DDEBUG -DUSE_HAL_DRIVER -DSTM32F103x6 -c -I../Core/Inc -I../Drivers/STM32F1xx_HAL_Driver/Inc -I../Drivers/STM32F1xx_HAL_Driver/Inc/Legacy -I../Drivers/CMSIS/Device/ST/STM32F1xx/Include -I../Drivers/CMSIS/Include -O0 -ffunction-sections -fdata-sections -Wall -fstack-usage -MMD -MP -MF"Core/Src/main.d" -MT"Core/Src/main.o" --specs=nano.specs -mfloat-abi=soft -mthumb -o "Core/Src/main.o"
../Core/Src/main.c: In function 'main':
../Core/Src/main.c:272:5: error: 'RED_count' undeclared (first use in this function); did you mean 'RED2_count'?
  272 |     RED_count = RED_COUNTER;
      |     ^~~~~~~~~
      |     RED2_count
../Core/Src/main.c:272:5: note: each undeclared identifier is reported only once for each function it appears in
../Core/Src/main.c:274:5: error: 'RED_stat' undeclared (first use in this function); did you mean 'RED2_stat'?
  274 |     RED_stat = OFF;
      |     ^~~~~~~~
      |     RED2_stat
../Core/Src/main.c:275:5: error: 'YELLOW_stat' undeclared (first use in this function); did you mean 'YELLOW2_stat'?
  275 |     YELLOW_stat = OFF;
      |     ^~~~~~~~~~~
      |     YELLOW2_stat
../Core/Src/main.c:276:5: error: 'GREEN_stat' undeclared (first use in this function); did you mean 'GREEN2_stat'?
  276 |     GREEN_stat = ON;
      |     ^~~~~~~~~~
      |     GREEN2_stat
../Core/Src/main.c:281:7: error: 'GREEN_count' undeclared (first use in this function); did you mean 'GREEN2_count'?
  281 |    if(GREEN_count == RESET_TIME){
      |       ^~~~~~~~~~~
      |       GREEN2_count
../Core/Src/main.c:291:7: error: 'YELLOW_count' undeclared (first use in this function); did you mean 'YELLOW2_count'?
  291 |    if(YELLOW_count == RESET_COUNTER){
      |       ^~~~~~~~~~~~
      |       YELLOW2_count
../Core/Src/main.c:291:23: error: 'RESET_COUNTER' undeclared (first use in this function); did you mean 'RED_COUNTER'?
  291 |    if(YELLOW_count == RESET_COUNTER){
      |                       ^~~~~~~~~~~~~
      |                       RED_COUNTER
../Core/Src/main.c:231:8: warning: unused variable 'GREEN2_stat' [-Wunused-variable]
  231 |    int GREEN2_stat = ON;
      |        ^~~~~~~~~~~
../Core/Src/main.c:230:8: warning: unused variable 'YELLOW2_stat' [-Wunused-variable]
  230 |    int YELLOW2_stat = OFF;
      |        ^~~~~~~~~~~~
../Core/Src/main.c:229:8: warning: unused variable 'RED2_stat' [-Wunused-variable]
  229 |    int RED2_stat = OFF;
      |        ^~~~~~~~~
../Core/Src/main.c:223:8: warning: unused variable 'GREEN2_count' [-Wunused-variable]
  223 |    int GREEN2_count = GREEN_COUNTER;
      |        ^~~~~~~~~~~~
../Core/Src/main.c:222:8: warning: unused variable 'YELLOW2_count' [-Wunused-variable]
  222 |    int YELLOW2_count = YELLOW_COUNTER;
      |        ^~~~~~~~~~~~~
../Core/Src/main.c:221:9: warning: unused variable 'RED2_count' [-Wunused-variable]
  221 |     int RED2_count = RED_COUNTER;
      |         ^~~~~~~~~~
../Core/Src/main.c:215:8: warning: unused variable 'time_counter' [-Wunused-variable]
  215 |    int time_counter = GENERAL_COUNTER;
      |        ^~~~~~~~~~~~
make: *** [Core/Src/subdir.mk:34: Core/Src/main.o] Error 1
"make -j12 all" terminated with exit code 2. Build might be incomplete.
14:08:32 **** Incremental Build of configuration Debug for project Lab 1_ EX1-5 ****
make -j12 all 
arm-none-eabi-gcc "../Core/Src/main.c" -mcpu=cortex-m3 -std=gnu11 -g3 -DDEBUG -DUSE_HAL_DRIVER -DSTM32F103x6 -c -I../Core/Inc -I../Drivers/STM32F1xx_HAL_Driver/Inc -I../Drivers/STM32F1xx_HAL_Driver/Inc/Legacy -I../Drivers/CMSIS/Device/ST/STM32F1xx/Include -I../Drivers/CMSIS/Include -O0 -ffunction-sections -fdata-sections -Wall -fstack-usage -MMD -MP -MF"Core/Src/main.d" -MT"Core/Src/main.o" --specs=nano.specs -mfloat-abi=soft -mthumb -o "Core/Src/main.o"
../Core/Src/main.c: In function 'main':
../Core/Src/main.c:272:5: error: 'RED_count' undeclared (first use in this function); did you mean 'RED2_count'?
  272 |     RED_count = RED_COUNTER;
      |     ^~~~~~~~~
      |     RED2_count
../Core/Src/main.c:272:5: note: each undeclared identifier is reported only once for each function it appears in
../Core/Src/main.c:274:5: error: 'RED_stat' undeclared (first use in this function); did you mean 'RED2_stat'?
  274 |     RED_stat = OFF;
      |     ^~~~~~~~
      |     RED2_stat
../Core/Src/main.c:275:5: error: 'YELLOW_stat' undeclared (first use in this function); did you mean 'YELLOW2_stat'?
  275 |     YELLOW_stat = OFF;
      |     ^~~~~~~~~~~
      |     YELLOW2_stat
../Core/Src/main.c:276:5: error: 'GREEN_stat' undeclared (first use in this function); did you mean 'GREEN2_stat'?
  276 |     GREEN_stat = ON;
      |     ^~~~~~~~~~
      |     GREEN2_stat
../Core/Src/main.c:281:7: error: 'GREEN_count' undeclared (first use in this function); did you mean 'GREEN2_count'?
  281 |    if(GREEN_count == RESET_TIME){
      |       ^~~~~~~~~~~
      |       GREEN2_count
../Core/Src/main.c:291:7: error: 'YELLOW_count' undeclared (first use in this function); did you mean 'YELLOW2_count'?
  291 |    if(YELLOW_count == RESET_TIME){
      |       ^~~~~~~~~~~~
      |       YELLOW2_count
../Core/Src/main.c:231:8: warning: unused variable 'GREEN2_stat' [-Wunused-variable]
  231 |    int GREEN2_stat = ON;
      |        ^~~~~~~~~~~
../Core/Src/main.c:230:8: warning: unused variable 'YELLOW2_stat' [-Wunused-variable]
  230 |    int YELLOW2_stat = OFF;
      |        ^~~~~~~~~~~~
../Core/Src/main.c:229:8: warning: unused variable 'RED2_stat' [-Wunused-variable]
  229 |    int RED2_stat = OFF;
      |        ^~~~~~~~~
../Core/Src/main.c:223:8: warning: unused variable 'GREEN2_count' [-Wunused-variable]
  223 |    int GREEN2_count = GREEN_COUNTER;
      |        ^~~~~~~~~~~~
../Core/Src/main.c:222:8: warning: unused variable 'YELLOW2_count' [-Wunused-variable]
  222 |    int YELLOW2_count = YELLOW_COUNTER;
      |        ^~~~~~~~~~~~~
../Core/Src/main.c:221:9: warning: unused variable 'RED2_count' [-Wunused-variable]
  221 |     int RED2_count = RED_COUNTER;
      |         ^~~~~~~~~~
../Core/Src/main.c:215:8: warning: unused variable 'time_counter' [-Wunused-variable]
  215 |    int time_counter = GENERAL_COUNTER;
      |        ^~~~~~~~~~~~
make: *** [Core/Src/subdir.mk:34: Core/Src/main.o] Error 1
"make -j12 all" terminated with exit code 2. Build might be incomplete.
14:09:13 **** Incremental Build of configuration Debug for project Lab 1_ EX1-5 ****
make -j12 all 
arm-none-eabi-gcc "../Core/Src/main.c" -mcpu=cortex-m3 -std=gnu11 -g3 -DDEBUG -DUSE_HAL_DRIVER -DSTM32F103x6 -c -I../Core/Inc -I../Drivers/STM32F1xx_HAL_Driver/Inc -I../Drivers/STM32F1xx_HAL_Driver/Inc/Legacy -I../Drivers/CMSIS/Device/ST/STM32F1xx/Include -I../Drivers/CMSIS/Include -O0 -ffunction-sections -fdata-sections -Wall -fstack-usage -MMD -MP -MF"Core/Src/main.d" -MT"Core/Src/main.o" --specs=nano.specs -mfloat-abi=soft -mthumb -o "Core/Src/main.o"
../Core/Src/main.c: In function 'main':
../Core/Src/main.c:280:6: error: 'GREEN_stat' undeclared (first use in this function); did you mean 'GREEN2_stat'?
  280 |   if(GREEN_stat == ON){
      |      ^~~~~~~~~~
      |      GREEN2_stat
../Core/Src/main.c:280:6: note: each undeclared identifier is reported only once for each function it appears in
../Core/Src/main.c:281:7: error: 'GREEN_count' undeclared (first use in this function); did you mean 'GREEN1_count'?
  281 |    if(GREEN_count == RESET_TIME){
      |       ^~~~~~~~~~~
      |       GREEN1_count
../Core/Src/main.c:290:6: error: 'YELLOW_stat' undeclared (first use in this function); did you mean 'YELLOW2_stat'?
  290 |   if(YELLOW_stat == ON){
      |      ^~~~~~~~~~~
      |      YELLOW2_stat
../Core/Src/main.c:291:7: error: 'YELLOW_count' undeclared (first use in this function); did you mean 'YELLOW1_count'?
  291 |    if(YELLOW_count == RESET_TIME){
      |       ^~~~~~~~~~~~
      |       YELLOW1_count
../Core/Src/main.c:231:8: warning: unused variable 'GREEN2_stat' [-Wunused-variable]
  231 |    int GREEN2_stat = ON;
      |        ^~~~~~~~~~~
../Core/Src/main.c:230:8: warning: unused variable 'YELLOW2_stat' [-Wunused-variable]
  230 |    int YELLOW2_stat = OFF;
      |        ^~~~~~~~~~~~
../Core/Src/main.c:229:8: warning: unused variable 'RED2_stat' [-Wunused-variable]
  229 |    int RED2_stat = OFF;
      |        ^~~~~~~~~
../Core/Src/main.c:215:8: warning: unused variable 'time_counter' [-Wunused-variable]
  215 |    int time_counter = GENERAL_COUNTER;
      |        ^~~~~~~~~~~~
make: *** [Core/Src/subdir.mk:34: Core/Src/main.o] Error 1
"make -j12 all" terminated with exit code 2. Build might be incomplete.
14:09:28 **** Incremental Build of configuration Debug for project Lab 1_ EX1-5 ****
make -j12 all 
arm-none-eabi-gcc "../Core/Src/main.c" -mcpu=cortex-m3 -std=gnu11 -g3 -DDEBUG -DUSE_HAL_DRIVER -DSTM32F103x6 -c -I../Core/Inc -I../Drivers/STM32F1xx_HAL_Driver/Inc -I../Drivers/STM32F1xx_HAL_Driver/Inc/Legacy -I../Drivers/CMSIS/Device/ST/STM32F1xx/Include -I../Drivers/CMSIS/Include -O0 -ffunction-sections -fdata-sections -Wall -fstack-usage -MMD -MP -MF"Core/Src/main.d" -MT"Core/Src/main.o" --specs=nano.specs -mfloat-abi=soft -mthumb -o "Core/Src/main.o"
../Core/Src/main.c: In function 'main':
../Core/Src/main.c:231:8: warning: unused variable 'GREEN2_stat' [-Wunused-variable]
  231 |    int GREEN2_stat = ON;
      |        ^~~~~~~~~~~
../Core/Src/main.c:230:8: warning: unused variable 'YELLOW2_stat' [-Wunused-variable]
  230 |    int YELLOW2_stat = OFF;
      |        ^~~~~~~~~~~~
../Core/Src/main.c:229:8: warning: unused variable 'RED2_stat' [-Wunused-variable]
  229 |    int RED2_stat = OFF;
      |        ^~~~~~~~~
../Core/Src/main.c:215:8: warning: unused variable 'time_counter' [-Wunused-variable]
  215 |    int time_counter = GENERAL_COUNTER;
      |        ^~~~~~~~~~~~
arm-none-eabi-gcc -o "Lab 1_ EX1-5.elf" @"objects.list"   -mcpu=cortex-m3 -T"C:\Stm32 version 2\Lab 1_ EX1-5\STM32F103C6UX_FLASH.ld" --specs=nosys.specs -Wl,-Map="Lab 1_ EX1-5.map" -Wl,--gc-sections -static --specs=nano.specs -mfloat-abi=soft -mthumb -Wl,--start-group -lc -lm -Wl,--end-group
Finished building target: Lab 1_ EX1-5.elf
 
arm-none-eabi-size   Lab\ 1_\ EX1-5.elf 
arm-none-eabi-objdump -h -S  Lab\ 1_\ EX1-5.elf  > "Lab 1_ EX1-5.list"
arm-none-eabi-objcopy  -O ihex  Lab\ 1_\ EX1-5.elf  "Lab 1_ EX1-5.hex"
arm-none-eabi-objcopy  -O binary  Lab\ 1_\ EX1-5.elf  "Lab 1_ EX1-5.bin"
   text	   data	    bss	    dec	    hex	filename
   4852	     20	   1572	   6444	   192c	Lab 1_ EX1-5.elf
Finished building: default.size.stdout
 
Finished building: Lab 1_ EX1-5.hex
Finished building: Lab 1_ EX1-5.bin
Finished building: Lab 1_ EX1-5.list
 
 
 
14:13:41 **** Incremental Build of configuration Debug for project Lab 1_ EX1-5 ****
make -j12 all 
arm-none-eabi-gcc "../Core/Src/main.c" -mcpu=cortex-m3 -std=gnu11 -g3 -DDEBUG -DUSE_HAL_DRIVER -DSTM32F103x6 -c -I../Core/Inc -I../Drivers/STM32F1xx_HAL_Driver/Inc -I../Drivers/STM32F1xx_HAL_Driver/Inc/Legacy -I../Drivers/CMSIS/Device/ST/STM32F1xx/Include -I../Drivers/CMSIS/Include -O0 -ffunction-sections -fdata-sections -Wall -fstack-usage -MMD -MP -MF"Core/Src/main.d" -MT"Core/Src/main.o" --specs=nano.specs -mfloat-abi=soft -mthumb -o "Core/Src/main.o"
../Core/Src/main.c: In function 'main':
../Core/Src/main.c:403:4: error: 'GREEN2_count' undeclared (first use in this function); did you mean 'GREEN1_count'?
  403 |    GREEN2_count--;
      |    ^~~~~~~~~~~~
      |    GREEN1_count
../Core/Src/main.c:403:4: note: each undeclared identifier is reported only once for each function it appears in
../Core/Src/main.c:215:8: warning: unused variable 'time_counter' [-Wunused-variable]
  215 |    int time_counter = GENERAL_COUNTER;
      |        ^~~~~~~~~~~~
make: *** [Core/Src/subdir.mk:34: Core/Src/main.o] Error 1
"make -j12 all" terminated with exit code 2. Build might be incomplete.
14:13:50 **** Incremental Build of configuration Debug for project Lab 1_ EX1-5 ****
make -j12 all 
arm-none-eabi-gcc "../Core/Src/main.c" -mcpu=cortex-m3 -std=gnu11 -g3 -DDEBUG -DUSE_HAL_DRIVER -DSTM32F103x6 -c -I../Core/Inc -I../Drivers/STM32F1xx_HAL_Driver/Inc -I../Drivers/STM32F1xx_HAL_Driver/Inc/Legacy -I../Drivers/CMSIS/Device/ST/STM32F1xx/Include -I../Drivers/CMSIS/Include -O0 -ffunction-sections -fdata-sections -Wall -fstack-usage -MMD -MP -MF"Core/Src/main.d" -MT"Core/Src/main.o" --specs=nano.specs -mfloat-abi=soft -mthumb -o "Core/Src/main.o"
../Core/Src/main.c: In function 'main':
../Core/Src/main.c:215:8: warning: unused variable 'time_counter' [-Wunused-variable]
  215 |    int time_counter = GENERAL_COUNTER;
      |        ^~~~~~~~~~~~
arm-none-eabi-gcc -o "Lab 1_ EX1-5.elf" @"objects.list"   -mcpu=cortex-m3 -T"C:\Stm32 version 2\Lab 1_ EX1-5\STM32F103C6UX_FLASH.ld" --specs=nosys.specs -Wl,-Map="Lab 1_ EX1-5.map" -Wl,--gc-sections -static --specs=nano.specs -mfloat-abi=soft -mthumb -Wl,--start-group -lc -lm -Wl,--end-group
Finished building target: Lab 1_ EX1-5.elf
 
arm-none-eabi-size   Lab\ 1_\ EX1-5.elf 
arm-none-eabi-objdump -h -S  Lab\ 1_\ EX1-5.elf  > "Lab 1_ EX1-5.list"
arm-none-eabi-objcopy  -O ihex  Lab\ 1_\ EX1-5.elf  "Lab 1_ EX1-5.hex"
arm-none-eabi-objcopy  -O binary  Lab\ 1_\ EX1-5.elf  "Lab 1_ EX1-5.bin"
   text	   data	    bss	    dec	    hex	filename
   5036	     20	   1572	   6628	   19e4	Lab 1_ EX1-5.elf
Finished building: default.size.stdout
 
Finished building: Lab 1_ EX1-5.hex
Finished building: Lab 1_ EX1-5.bin
Finished building: Lab 1_ EX1-5.list
 
 
 
14:14:59 **** Incremental Build of configuration Debug for project Lab 1_ EX1-5 ****
make -j12 all 
arm-none-eabi-gcc "../Core/Src/main.c" -mcpu=cortex-m3 -std=gnu11 -g3 -DDEBUG -DUSE_HAL_DRIVER -DSTM32F103x6 -c -I../Core/Inc -I../Drivers/STM32F1xx_HAL_Driver/Inc -I../Drivers/STM32F1xx_HAL_Driver/Inc/Legacy -I../Drivers/CMSIS/Device/ST/STM32F1xx/Include -I../Drivers/CMSIS/Include -O0 -ffunction-sections -fdata-sections -Wall -fstack-usage -MMD -MP -MF"Core/Src/main.d" -MT"Core/Src/main.o" --specs=nano.specs -mfloat-abi=soft -mthumb -o "Core/Src/main.o"
../Core/Src/main.c: In function 'main':
../Core/Src/main.c:215:8: warning: unused variable 'time_counter' [-Wunused-variable]
  215 |    int time_counter = GENERAL_COUNTER;
      |        ^~~~~~~~~~~~
arm-none-eabi-gcc -o "Lab 1_ EX1-5.elf" @"objects.list"   -mcpu=cortex-m3 -T"C:\Stm32 version 2\Lab 1_ EX1-5\STM32F103C6UX_FLASH.ld" --specs=nosys.specs -Wl,-Map="Lab 1_ EX1-5.map" -Wl,--gc-sections -static --specs=nano.specs -mfloat-abi=soft -mthumb -Wl,--start-group -lc -lm -Wl,--end-group
Finished building target: Lab 1_ EX1-5.elf
 
arm-none-eabi-size   Lab\ 1_\ EX1-5.elf 
arm-none-eabi-objdump -h -S  Lab\ 1_\ EX1-5.elf  > "Lab 1_ EX1-5.list"
arm-none-eabi-objcopy  -O ihex  Lab\ 1_\ EX1-5.elf  "Lab 1_ EX1-5.hex"
arm-none-eabi-objcopy  -O binary  Lab\ 1_\ EX1-5.elf  "Lab 1_ EX1-5.bin"
   text	   data	    bss	    dec	    hex	filename
   5048	     20	   1572	   6640	   19f0	Lab 1_ EX1-5.elf
Finished building: default.size.stdout
 
Finished building: Lab 1_ EX1-5.hex
Finished building: Lab 1_ EX1-5.bin
Finished building: Lab 1_ EX1-5.list
 
 
 
14:15:44 **** Incremental Build of configuration Debug for project Lab 1_ EX1-5 ****
make -j12 all 
arm-none-eabi-gcc "../Core/Src/main.c" -mcpu=cortex-m3 -std=gnu11 -g3 -DDEBUG -DUSE_HAL_DRIVER -DSTM32F103x6 -c -I../Core/Inc -I../Drivers/STM32F1xx_HAL_Driver/Inc -I../Drivers/STM32F1xx_HAL_Driver/Inc/Legacy -I../Drivers/CMSIS/Device/ST/STM32F1xx/Include -I../Drivers/CMSIS/Include -O0 -ffunction-sections -fdata-sections -Wall -fstack-usage -MMD -MP -MF"Core/Src/main.d" -MT"Core/Src/main.o" --specs=nano.specs -mfloat-abi=soft -mthumb -o "Core/Src/main.o"
../Core/Src/main.c: In function 'main':
../Core/Src/main.c:409:8: error: 'counter' undeclared (first use in this function)
  409 |     if(counter >= 10) counter = 0;
      |        ^~~~~~~
../Core/Src/main.c:409:8: note: each undeclared identifier is reported only once for each function it appears in
../Core/Src/main.c:231:8: warning: unused variable 'GREEN2_stat' [-Wunused-variable]
  231 |    int GREEN2_stat = ON;
      |        ^~~~~~~~~~~
../Core/Src/main.c:230:8: warning: unused variable 'YELLOW2_stat' [-Wunused-variable]
  230 |    int YELLOW2_stat = OFF;
      |        ^~~~~~~~~~~~
../Core/Src/main.c:229:8: warning: unused variable 'RED2_stat' [-Wunused-variable]
  229 |    int RED2_stat = OFF;
      |        ^~~~~~~~~
../Core/Src/main.c:227:8: warning: unused variable 'GREEN1_stat' [-Wunused-variable]
  227 |    int GREEN1_stat = OFF;
      |        ^~~~~~~~~~~
../Core/Src/main.c:226:8: warning: unused variable 'YELLOW1_stat' [-Wunused-variable]
  226 |    int YELLOW1_stat = OFF;
      |        ^~~~~~~~~~~~
../Core/Src/main.c:225:8: warning: unused variable 'RED1_stat' [-Wunused-variable]
  225 |    int RED1_stat = ON;
      |        ^~~~~~~~~
../Core/Src/main.c:223:8: warning: unused variable 'GREEN2_count' [-Wunused-variable]
  223 |    int GREEN2_count = GREEN_COUNTER;
      |        ^~~~~~~~~~~~
../Core/Src/main.c:222:8: warning: unused variable 'YELLOW2_count' [-Wunused-variable]
  222 |    int YELLOW2_count = YELLOW_COUNTER;
      |        ^~~~~~~~~~~~~
../Core/Src/main.c:221:9: warning: unused variable 'RED2_count' [-Wunused-variable]
  221 |     int RED2_count = RED_COUNTER;
      |         ^~~~~~~~~~
../Core/Src/main.c:219:6: warning: unused variable 'GREEN1_count' [-Wunused-variable]
  219 |  int GREEN1_count = GREEN_COUNTER;
      |      ^~~~~~~~~~~~
../Core/Src/main.c:218:6: warning: unused variable 'YELLOW1_count' [-Wunused-variable]
  218 |  int YELLOW1_count = YELLOW_COUNTER;
      |      ^~~~~~~~~~~~~
../Core/Src/main.c:217:8: warning: unused variable 'RED1_count' [-Wunused-variable]
  217 |    int RED1_count = RED_COUNTER;
      |        ^~~~~~~~~~
../Core/Src/main.c:215:8: warning: unused variable 'time_counter' [-Wunused-variable]
  215 |    int time_counter = GENERAL_COUNTER;
      |        ^~~~~~~~~~~~
make: *** [Core/Src/subdir.mk:34: Core/Src/main.o] Error 1
"make -j12 all" terminated with exit code 2. Build might be incomplete.
14:16:31 **** Incremental Build of configuration Debug for project Lab 1_ EX1-5 ****
make -j12 all 
arm-none-eabi-gcc "../Core/Src/main.c" -mcpu=cortex-m3 -std=gnu11 -g3 -DDEBUG -DUSE_HAL_DRIVER -DSTM32F103x6 -c -I../Core/Inc -I../Drivers/STM32F1xx_HAL_Driver/Inc -I../Drivers/STM32F1xx_HAL_Driver/Inc/Legacy -I../Drivers/CMSIS/Device/ST/STM32F1xx/Include -I../Drivers/CMSIS/Include -O0 -ffunction-sections -fdata-sections -Wall -fstack-usage -MMD -MP -MF"Core/Src/main.d" -MT"Core/Src/main.o" --specs=nano.specs -mfloat-abi=soft -mthumb -o "Core/Src/main.o"
../Core/Src/main.c: In function 'main':
../Core/Src/main.c:233:8: warning: unused variable 'GREEN2_stat' [-Wunused-variable]
  233 |    int GREEN2_stat = ON;
      |        ^~~~~~~~~~~
../Core/Src/main.c:232:8: warning: unused variable 'YELLOW2_stat' [-Wunused-variable]
  232 |    int YELLOW2_stat = OFF;
      |        ^~~~~~~~~~~~
../Core/Src/main.c:231:8: warning: unused variable 'RED2_stat' [-Wunused-variable]
  231 |    int RED2_stat = OFF;
      |        ^~~~~~~~~
../Core/Src/main.c:229:8: warning: unused variable 'GREEN1_stat' [-Wunused-variable]
  229 |    int GREEN1_stat = OFF;
      |        ^~~~~~~~~~~
../Core/Src/main.c:228:8: warning: unused variable 'YELLOW1_stat' [-Wunused-variable]
  228 |    int YELLOW1_stat = OFF;
      |        ^~~~~~~~~~~~
../Core/Src/main.c:227:8: warning: unused variable 'RED1_stat' [-Wunused-variable]
  227 |    int RED1_stat = ON;
      |        ^~~~~~~~~
../Core/Src/main.c:225:8: warning: unused variable 'GREEN2_count' [-Wunused-variable]
  225 |    int GREEN2_count = GREEN_COUNTER;
      |        ^~~~~~~~~~~~
../Core/Src/main.c:224:8: warning: unused variable 'YELLOW2_count' [-Wunused-variable]
  224 |    int YELLOW2_count = YELLOW_COUNTER;
      |        ^~~~~~~~~~~~~
../Core/Src/main.c:223:9: warning: unused variable 'RED2_count' [-Wunused-variable]
  223 |     int RED2_count = RED_COUNTER;
      |         ^~~~~~~~~~
../Core/Src/main.c:221:6: warning: unused variable 'GREEN1_count' [-Wunused-variable]
  221 |  int GREEN1_count = GREEN_COUNTER;
      |      ^~~~~~~~~~~~
../Core/Src/main.c:220:6: warning: unused variable 'YELLOW1_count' [-Wunused-variable]
  220 |  int YELLOW1_count = YELLOW_COUNTER;
      |      ^~~~~~~~~~~~~
../Core/Src/main.c:219:8: warning: unused variable 'RED1_count' [-Wunused-variable]
  219 |    int RED1_count = RED_COUNTER;
      |        ^~~~~~~~~~
../Core/Src/main.c:215:8: warning: unused variable 'time_counter' [-Wunused-variable]
  215 |    int time_counter = GENERAL_COUNTER;
      |        ^~~~~~~~~~~~
arm-none-eabi-gcc -o "Lab 1_ EX1-5.elf" @"objects.list"   -mcpu=cortex-m3 -T"C:\Stm32 version 2\Lab 1_ EX1-5\STM32F103C6UX_FLASH.ld" --specs=nosys.specs -Wl,-Map="Lab 1_ EX1-5.map" -Wl,--gc-sections -static --specs=nano.specs -mfloat-abi=soft -mthumb -Wl,--start-group -lc -lm -Wl,--end-group
Finished building target: Lab 1_ EX1-5.elf
 
arm-none-eabi-size   Lab\ 1_\ EX1-5.elf 
arm-none-eabi-objdump -h -S  Lab\ 1_\ EX1-5.elf  > "Lab 1_ EX1-5.list"
arm-none-eabi-objcopy  -O ihex  Lab\ 1_\ EX1-5.elf  "Lab 1_ EX1-5.hex"
arm-none-eabi-objcopy  -O binary  Lab\ 1_\ EX1-5.elf  "Lab 1_ EX1-5.bin"
   text	   data	    bss	    dec	    hex	filename
   5496	     20	   1572	   7088	   1bb0	Lab 1_ EX1-5.elf
Finished building: default.size.stdout
 
Finished building: Lab 1_ EX1-5.hex
Finished building: Lab 1_ EX1-5.bin
Finished building: Lab 1_ EX1-5.list
 
 
 
14:19:24 **** Incremental Build of configuration Debug for project Lab 1_ EX1-5 ****
make -j12 all 
arm-none-eabi-gcc "../Drivers/STM32F1xx_HAL_Driver/Src/stm32f1xx_hal.c" -mcpu=cortex-m3 -std=gnu11 -g3 -DDEBUG -DUSE_HAL_DRIVER -DSTM32F103x6 -c -I../Core/Inc -I../Drivers/STM32F1xx_HAL_Driver/Inc -I../Drivers/STM32F1xx_HAL_Driver/Inc/Legacy -I../Drivers/CMSIS/Device/ST/STM32F1xx/Include -I../Drivers/CMSIS/Include -O0 -ffunction-sections -fdata-sections -Wall -fstack-usage -MMD -MP -MF"Drivers/STM32F1xx_HAL_Driver/Src/stm32f1xx_hal.d" -MT"Drivers/STM32F1xx_HAL_Driver/Src/stm32f1xx_hal.o" --specs=nano.specs -mfloat-abi=soft -mthumb -o "Drivers/STM32F1xx_HAL_Driver/Src/stm32f1xx_hal.o"
arm-none-eabi-gcc "../Drivers/STM32F1xx_HAL_Driver/Src/stm32f1xx_hal_cortex.c" -mcpu=cortex-m3 -std=gnu11 -g3 -DDEBUG -DUSE_HAL_DRIVER -DSTM32F103x6 -c -I../Core/Inc -I../Drivers/STM32F1xx_HAL_Driver/Inc -I../Drivers/STM32F1xx_HAL_Driver/Inc/Legacy -I../Drivers/CMSIS/Device/ST/STM32F1xx/Include -I../Drivers/CMSIS/Include -O0 -ffunction-sections -fdata-sections -Wall -fstack-usage -MMD -MP -MF"Drivers/STM32F1xx_HAL_Driver/Src/stm32f1xx_hal_cortex.d" -MT"Drivers/STM32F1xx_HAL_Driver/Src/stm32f1xx_hal_cortex.o" --specs=nano.specs -mfloat-abi=soft -mthumb -o "Drivers/STM32F1xx_HAL_Driver/Src/stm32f1xx_hal_cortex.o"
arm-none-eabi-gcc "../Drivers/STM32F1xx_HAL_Driver/Src/stm32f1xx_hal_dma.c" -mcpu=cortex-m3 -std=gnu11 -g3 -DDEBUG -DUSE_HAL_DRIVER -DSTM32F103x6 -c -I../Core/Inc -I../Drivers/STM32F1xx_HAL_Driver/Inc -I../Drivers/STM32F1xx_HAL_Driver/Inc/Legacy -I../Drivers/CMSIS/Device/ST/STM32F1xx/Include -I../Drivers/CMSIS/Include -O0 -ffunction-sections -fdata-sections -Wall -fstack-usage -MMD -MP -MF"Drivers/STM32F1xx_HAL_Driver/Src/stm32f1xx_hal_dma.d" -MT"Drivers/STM32F1xx_HAL_Driver/Src/stm32f1xx_hal_dma.o" --specs=nano.specs -mfloat-abi=soft -mthumb -o "Drivers/STM32F1xx_HAL_Driver/Src/stm32f1xx_hal_dma.o"
arm-none-eabi-gcc "../Drivers/STM32F1xx_HAL_Driver/Src/stm32f1xx_hal_exti.c" -mcpu=cortex-m3 -std=gnu11 -g3 -DDEBUG -DUSE_HAL_DRIVER -DSTM32F103x6 -c -I../Core/Inc -I../Drivers/STM32F1xx_HAL_Driver/Inc -I../Drivers/STM32F1xx_HAL_Driver/Inc/Legacy -I../Drivers/CMSIS/Device/ST/STM32F1xx/Include -I../Drivers/CMSIS/Include -O0 -ffunction-sections -fdata-sections -Wall -fstack-usage -MMD -MP -MF"Drivers/STM32F1xx_HAL_Driver/Src/stm32f1xx_hal_exti.d" -MT"Drivers/STM32F1xx_HAL_Driver/Src/stm32f1xx_hal_exti.o" --specs=nano.specs -mfloat-abi=soft -mthumb -o "Drivers/STM32F1xx_HAL_Driver/Src/stm32f1xx_hal_exti.o"
arm-none-eabi-gcc "../Drivers/STM32F1xx_HAL_Driver/Src/stm32f1xx_hal_flash.c" -mcpu=cortex-m3 -std=gnu11 -g3 -DDEBUG -DUSE_HAL_DRIVER -DSTM32F103x6 -c -I../Core/Inc -I../Drivers/STM32F1xx_HAL_Driver/Inc -I../Drivers/STM32F1xx_HAL_Driver/Inc/Legacy -I../Drivers/CMSIS/Device/ST/STM32F1xx/Include -I../Drivers/CMSIS/Include -O0 -ffunction-sections -fdata-sections -Wall -fstack-usage -MMD -MP -MF"Drivers/STM32F1xx_HAL_Driver/Src/stm32f1xx_hal_flash.d" -MT"Drivers/STM32F1xx_HAL_Driver/Src/stm32f1xx_hal_flash.o" --specs=nano.specs -mfloat-abi=soft -mthumb -o "Drivers/STM32F1xx_HAL_Driver/Src/stm32f1xx_hal_flash.o"
arm-none-eabi-gcc "../Drivers/STM32F1xx_HAL_Driver/Src/stm32f1xx_hal_flash_ex.c" -mcpu=cortex-m3 -std=gnu11 -g3 -DDEBUG -DUSE_HAL_DRIVER -DSTM32F103x6 -c -I../Core/Inc -I../Drivers/STM32F1xx_HAL_Driver/Inc -I../Drivers/STM32F1xx_HAL_Driver/Inc/Legacy -I../Drivers/CMSIS/Device/ST/STM32F1xx/Include -I../Drivers/CMSIS/Include -O0 -ffunction-sections -fdata-sections -Wall -fstack-usage -MMD -MP -MF"Drivers/STM32F1xx_HAL_Driver/Src/stm32f1xx_hal_flash_ex.d" -MT"Drivers/STM32F1xx_HAL_Driver/Src/stm32f1xx_hal_flash_ex.o" --specs=nano.specs -mfloat-abi=soft -mthumb -o "Drivers/STM32F1xx_HAL_Driver/Src/stm32f1xx_hal_flash_ex.o"
arm-none-eabi-gcc "../Drivers/STM32F1xx_HAL_Driver/Src/stm32f1xx_hal_gpio.c" -mcpu=cortex-m3 -std=gnu11 -g3 -DDEBUG -DUSE_HAL_DRIVER -DSTM32F103x6 -c -I../Core/Inc -I../Drivers/STM32F1xx_HAL_Driver/Inc -I../Drivers/STM32F1xx_HAL_Driver/Inc/Legacy -I../Drivers/CMSIS/Device/ST/STM32F1xx/Include -I../Drivers/CMSIS/Include -O0 -ffunction-sections -fdata-sections -Wall -fstack-usage -MMD -MP -MF"Drivers/STM32F1xx_HAL_Driver/Src/stm32f1xx_hal_gpio.d" -MT"Drivers/STM32F1xx_HAL_Driver/Src/stm32f1xx_hal_gpio.o" --specs=nano.specs -mfloat-abi=soft -mthumb -o "Drivers/STM32F1xx_HAL_Driver/Src/stm32f1xx_hal_gpio.o"
arm-none-eabi-gcc "../Drivers/STM32F1xx_HAL_Driver/Src/stm32f1xx_hal_gpio_ex.c" -mcpu=cortex-m3 -std=gnu11 -g3 -DDEBUG -DUSE_HAL_DRIVER -DSTM32F103x6 -c -I../Core/Inc -I../Drivers/STM32F1xx_HAL_Driver/Inc -I../Drivers/STM32F1xx_HAL_Driver/Inc/Legacy -I../Drivers/CMSIS/Device/ST/STM32F1xx/Include -I../Drivers/CMSIS/Include -O0 -ffunction-sections -fdata-sections -Wall -fstack-usage -MMD -MP -MF"Drivers/STM32F1xx_HAL_Driver/Src/stm32f1xx_hal_gpio_ex.d" -MT"Drivers/STM32F1xx_HAL_Driver/Src/stm32f1xx_hal_gpio_ex.o" --specs=nano.specs -mfloat-abi=soft -mthumb -o "Drivers/STM32F1xx_HAL_Driver/Src/stm32f1xx_hal_gpio_ex.o"
arm-none-eabi-gcc "../Drivers/STM32F1xx_HAL_Driver/Src/stm32f1xx_hal_pwr.c" -mcpu=cortex-m3 -std=gnu11 -g3 -DDEBUG -DUSE_HAL_DRIVER -DSTM32F103x6 -c -I../Core/Inc -I../Drivers/STM32F1xx_HAL_Driver/Inc -I../Drivers/STM32F1xx_HAL_Driver/Inc/Legacy -I../Drivers/CMSIS/Device/ST/STM32F1xx/Include -I../Drivers/CMSIS/Include -O0 -ffunction-sections -fdata-sections -Wall -fstack-usage -MMD -MP -MF"Drivers/STM32F1xx_HAL_Driver/Src/stm32f1xx_hal_pwr.d" -MT"Drivers/STM32F1xx_HAL_Driver/Src/stm32f1xx_hal_pwr.o" --specs=nano.specs -mfloat-abi=soft -mthumb -o "Drivers/STM32F1xx_HAL_Driver/Src/stm32f1xx_hal_pwr.o"
arm-none-eabi-gcc "../Drivers/STM32F1xx_HAL_Driver/Src/stm32f1xx_hal_rcc.c" -mcpu=cortex-m3 -std=gnu11 -g3 -DDEBUG -DUSE_HAL_DRIVER -DSTM32F103x6 -c -I../Core/Inc -I../Drivers/STM32F1xx_HAL_Driver/Inc -I../Drivers/STM32F1xx_HAL_Driver/Inc/Legacy -I../Drivers/CMSIS/Device/ST/STM32F1xx/Include -I../Drivers/CMSIS/Include -O0 -ffunction-sections -fdata-sections -Wall -fstack-usage -MMD -MP -MF"Drivers/STM32F1xx_HAL_Driver/Src/stm32f1xx_hal_rcc.d" -MT"Drivers/STM32F1xx_HAL_Driver/Src/stm32f1xx_hal_rcc.o" --specs=nano.specs -mfloat-abi=soft -mthumb -o "Drivers/STM32F1xx_HAL_Driver/Src/stm32f1xx_hal_rcc.o"
arm-none-eabi-gcc "../Drivers/STM32F1xx_HAL_Driver/Src/stm32f1xx_hal_rcc_ex.c" -mcpu=cortex-m3 -std=gnu11 -g3 -DDEBUG -DUSE_HAL_DRIVER -DSTM32F103x6 -c -I../Core/Inc -I../Drivers/STM32F1xx_HAL_Driver/Inc -I../Drivers/STM32F1xx_HAL_Driver/Inc/Legacy -I../Drivers/CMSIS/Device/ST/STM32F1xx/Include -I../Drivers/CMSIS/Include -O0 -ffunction-sections -fdata-sections -Wall -fstack-usage -MMD -MP -MF"Drivers/STM32F1xx_HAL_Driver/Src/stm32f1xx_hal_rcc_ex.d" -MT"Drivers/STM32F1xx_HAL_Driver/Src/stm32f1xx_hal_rcc_ex.o" --specs=nano.specs -mfloat-abi=soft -mthumb -o "Drivers/STM32F1xx_HAL_Driver/Src/stm32f1xx_hal_rcc_ex.o"
arm-none-eabi-gcc "../Drivers/STM32F1xx_HAL_Driver/Src/stm32f1xx_hal_tim.c" -mcpu=cortex-m3 -std=gnu11 -g3 -DDEBUG -DUSE_HAL_DRIVER -DSTM32F103x6 -c -I../Core/Inc -I../Drivers/STM32F1xx_HAL_Driver/Inc -I../Drivers/STM32F1xx_HAL_Driver/Inc/Legacy -I../Drivers/CMSIS/Device/ST/STM32F1xx/Include -I../Drivers/CMSIS/Include -O0 -ffunction-sections -fdata-sections -Wall -fstack-usage -MMD -MP -MF"Drivers/STM32F1xx_HAL_Driver/Src/stm32f1xx_hal_tim.d" -MT"Drivers/STM32F1xx_HAL_Driver/Src/stm32f1xx_hal_tim.o" --specs=nano.specs -mfloat-abi=soft -mthumb -o "Drivers/STM32F1xx_HAL_Driver/Src/stm32f1xx_hal_tim.o"
arm-none-eabi-gcc "../Drivers/STM32F1xx_HAL_Driver/Src/stm32f1xx_hal_tim_ex.c" -mcpu=cortex-m3 -std=gnu11 -g3 -DDEBUG -DUSE_HAL_DRIVER -DSTM32F103x6 -c -I../Core/Inc -I../Drivers/STM32F1xx_HAL_Driver/Inc -I../Drivers/STM32F1xx_HAL_Driver/Inc/Legacy -I../Drivers/CMSIS/Device/ST/STM32F1xx/Include -I../Drivers/CMSIS/Include -O0 -ffunction-sections -fdata-sections -Wall -fstack-usage -MMD -MP -MF"Drivers/STM32F1xx_HAL_Driver/Src/stm32f1xx_hal_tim_ex.d" -MT"Drivers/STM32F1xx_HAL_Driver/Src/stm32f1xx_hal_tim_ex.o" --specs=nano.specs -mfloat-abi=soft -mthumb -o "Drivers/STM32F1xx_HAL_Driver/Src/stm32f1xx_hal_tim_ex.o"
arm-none-eabi-gcc "../Core/Src/main.c" -mcpu=cortex-m3 -std=gnu11 -g3 -DDEBUG -DUSE_HAL_DRIVER -DSTM32F103x6 -c -I../Core/Inc -I../Drivers/STM32F1xx_HAL_Driver/Inc -I../Drivers/STM32F1xx_HAL_Driver/Inc/Legacy -I../Drivers/CMSIS/Device/ST/STM32F1xx/Include -I../Drivers/CMSIS/Include -O0 -ffunction-sections -fdata-sections -Wall -fstack-usage -MMD -MP -MF"Core/Src/main.d" -MT"Core/Src/main.o" --specs=nano.specs -mfloat-abi=soft -mthumb -o "Core/Src/main.o"
arm-none-eabi-gcc "../Core/Src/stm32f1xx_hal_msp.c" -mcpu=cortex-m3 -std=gnu11 -g3 -DDEBUG -DUSE_HAL_DRIVER -DSTM32F103x6 -c -I../Core/Inc -I../Drivers/STM32F1xx_HAL_Driver/Inc -I../Drivers/STM32F1xx_HAL_Driver/Inc/Legacy -I../Drivers/CMSIS/Device/ST/STM32F1xx/Include -I../Drivers/CMSIS/Include -O0 -ffunction-sections -fdata-sections -Wall -fstack-usage -MMD -MP -MF"Core/Src/stm32f1xx_hal_msp.d" -MT"Core/Src/stm32f1xx_hal_msp.o" --specs=nano.specs -mfloat-abi=soft -mthumb -o "Core/Src/stm32f1xx_hal_msp.o"
arm-none-eabi-gcc "../Core/Src/stm32f1xx_it.c" -mcpu=cortex-m3 -std=gnu11 -g3 -DDEBUG -DUSE_HAL_DRIVER -DSTM32F103x6 -c -I../Core/Inc -I../Drivers/STM32F1xx_HAL_Driver/Inc -I../Drivers/STM32F1xx_HAL_Driver/Inc/Legacy -I../Drivers/CMSIS/Device/ST/STM32F1xx/Include -I../Drivers/CMSIS/Include -O0 -ffunction-sections -fdata-sections -Wall -fstack-usage -MMD -MP -MF"Core/Src/stm32f1xx_it.d" -MT"Core/Src/stm32f1xx_it.o" --specs=nano.specs -mfloat-abi=soft -mthumb -o "Core/Src/stm32f1xx_it.o"
arm-none-eabi-gcc "../Core/Src/system_stm32f1xx.c" -mcpu=cortex-m3 -std=gnu11 -g3 -DDEBUG -DUSE_HAL_DRIVER -DSTM32F103x6 -c -I../Core/Inc -I../Drivers/STM32F1xx_HAL_Driver/Inc -I../Drivers/STM32F1xx_HAL_Driver/Inc/Legacy -I../Drivers/CMSIS/Device/ST/STM32F1xx/Include -I../Drivers/CMSIS/Include -O0 -ffunction-sections -fdata-sections -Wall -fstack-usage -MMD -MP -MF"Core/Src/system_stm32f1xx.d" -MT"Core/Src/system_stm32f1xx.o" --specs=nano.specs -mfloat-abi=soft -mthumb -o "Core/Src/system_stm32f1xx.o"
../Core/Src/main.c: In function 'main':
../Core/Src/main.c:233:8: warning: unused variable 'GREEN2_stat' [-Wunused-variable]
  233 |    int GREEN2_stat = ON;
      |        ^~~~~~~~~~~
../Core/Src/main.c:232:8: warning: unused variable 'YELLOW2_stat' [-Wunused-variable]
  232 |    int YELLOW2_stat = OFF;
      |        ^~~~~~~~~~~~
../Core/Src/main.c:231:8: warning: unused variable 'RED2_stat' [-Wunused-variable]
  231 |    int RED2_stat = OFF;
      |        ^~~~~~~~~
../Core/Src/main.c:229:8: warning: unused variable 'GREEN1_stat' [-Wunused-variable]
  229 |    int GREEN1_stat = OFF;
      |        ^~~~~~~~~~~
../Core/Src/main.c:228:8: warning: unused variable 'YELLOW1_stat' [-Wunused-variable]
  228 |    int YELLOW1_stat = OFF;
      |        ^~~~~~~~~~~~
../Core/Src/main.c:227:8: warning: unused variable 'RED1_stat' [-Wunused-variable]
  227 |    int RED1_stat = ON;
      |        ^~~~~~~~~
../Core/Src/main.c:225:8: warning: unused variable 'GREEN2_count' [-Wunused-variable]
  225 |    int GREEN2_count = GREEN_COUNTER;
      |        ^~~~~~~~~~~~
../Core/Src/main.c:224:8: warning: unused variable 'YELLOW2_count' [-Wunused-variable]
  224 |    int YELLOW2_count = YELLOW_COUNTER;
      |        ^~~~~~~~~~~~~
../Core/Src/main.c:223:9: warning: unused variable 'RED2_count' [-Wunused-variable]
  223 |     int RED2_count = RED_COUNTER;
      |         ^~~~~~~~~~
../Core/Src/main.c:221:6: warning: unused variable 'GREEN1_count' [-Wunused-variable]
  221 |  int GREEN1_count = GREEN_COUNTER;
      |      ^~~~~~~~~~~~
../Core/Src/main.c:220:6: warning: unused variable 'YELLOW1_count' [-Wunused-variable]
  220 |  int YELLOW1_count = YELLOW_COUNTER;
      |      ^~~~~~~~~~~~~
../Core/Src/main.c:219:8: warning: unused variable 'RED1_count' [-Wunused-variable]
  219 |    int RED1_count = RED_COUNTER;
      |        ^~~~~~~~~~
../Core/Src/main.c:217:8: warning: unused variable 'counter' [-Wunused-variable]
  217 |    int counter = 0;
      |        ^~~~~~~
../Core/Src/main.c:215:8: warning: unused variable 'time_counter' [-Wunused-variable]
  215 |    int time_counter = GENERAL_COUNTER;
      |        ^~~~~~~~~~~~
arm-none-eabi-gcc -o "Lab 1_ EX1-5.elf" @"objects.list"   -mcpu=cortex-m3 -T"C:\Stm32 version 2\Lab 1_ EX1-5\STM32F103C6UX_FLASH.ld" --specs=nosys.specs -Wl,-Map="Lab 1_ EX1-5.map" -Wl,--gc-sections -static --specs=nano.specs -mfloat-abi=soft -mthumb -Wl,--start-group -lc -lm -Wl,--end-group
Finished building target: Lab 1_ EX1-5.elf
 
arm-none-eabi-size   Lab\ 1_\ EX1-5.elf 
arm-none-eabi-objdump -h -S  Lab\ 1_\ EX1-5.elf  > "Lab 1_ EX1-5.list"
arm-none-eabi-objcopy  -O ihex  Lab\ 1_\ EX1-5.elf  "Lab 1_ EX1-5.hex"
arm-none-eabi-objcopy  -O binary  Lab\ 1_\ EX1-5.elf  "Lab 1_ EX1-5.bin"
   text	   data	    bss	    dec	    hex	filename
   4576	     20	   1572	   6168	   1818	Lab 1_ EX1-5.elf
Finished building: default.size.stdout
 
Finished building: Lab 1_ EX1-5.hex
Finished building: Lab 1_ EX1-5.bin
Finished building: Lab 1_ EX1-5.list
 
 
 
14:26:32 **** Incremental Build of configuration Debug for project Lab 1_ EX1-5 ****
make -j12 all 
arm-none-eabi-gcc "../Core/Src/main.c" -mcpu=cortex-m3 -std=gnu11 -g3 -DDEBUG -DUSE_HAL_DRIVER -DSTM32F103x6 -c -I../Core/Inc -I../Drivers/STM32F1xx_HAL_Driver/Inc -I../Drivers/STM32F1xx_HAL_Driver/Inc/Legacy -I../Drivers/CMSIS/Device/ST/STM32F1xx/Include -I../Drivers/CMSIS/Include -O0 -ffunction-sections -fdata-sections -Wall -fstack-usage -MMD -MP -MF"Core/Src/main.d" -MT"Core/Src/main.o" --specs=nano.specs -mfloat-abi=soft -mthumb -o "Core/Src/main.o"
../Core/Src/main.c: In function 'main':
../Core/Src/main.c:242:8: error: 'timer_counter' undeclared (first use in this function); did you mean 'time_counter'?
  242 |     if(timer_counter == RESET_TIME){
      |        ^~~~~~~~~~~~~
      |        time_counter
../Core/Src/main.c:242:8: note: each undeclared identifier is reported only once for each function it appears in
../Core/Src/main.c:244:6: error: 'RED_stat' undeclared (first use in this function); did you mean 'RED2_stat'?
  244 |      RED_stat = OFF;
      |      ^~~~~~~~
      |      RED2_stat
../Core/Src/main.c:245:6: error: 'YELLOW_stat' undeclared (first use in this function); did you mean 'YELLOW2_stat'?
  245 |      YELLOW_stat = OFF;
      |      ^~~~~~~~~~~
      |      YELLOW2_stat
../Core/Src/main.c:246:6: error: 'GREEN_stat' undeclared (first use in this function); did you mean 'GREEN2_stat'?
  246 |      GREEN_stat = ON;
      |      ^~~~~~~~~~
      |      GREEN2_stat
../Core/Src/main.c:233:8: warning: unused variable 'GREEN2_stat' [-Wunused-variable]
  233 |    int GREEN2_stat = ON;
      |        ^~~~~~~~~~~
../Core/Src/main.c:232:8: warning: unused variable 'YELLOW2_stat' [-Wunused-variable]
  232 |    int YELLOW2_stat = OFF;
      |        ^~~~~~~~~~~~
../Core/Src/main.c:231:8: warning: unused variable 'RED2_stat' [-Wunused-variable]
  231 |    int RED2_stat = OFF;
      |        ^~~~~~~~~
../Core/Src/main.c:229:8: warning: unused variable 'GREEN1_stat' [-Wunused-variable]
  229 |    int GREEN1_stat = OFF;
      |        ^~~~~~~~~~~
../Core/Src/main.c:225:8: warning: unused variable 'GREEN2_count' [-Wunused-variable]
  225 |    int GREEN2_count = GREEN_COUNTER;
      |        ^~~~~~~~~~~~
../Core/Src/main.c:224:8: warning: unused variable 'YELLOW2_count' [-Wunused-variable]
  224 |    int YELLOW2_count = YELLOW_COUNTER;
      |        ^~~~~~~~~~~~~
../Core/Src/main.c:223:9: warning: unused variable 'RED2_count' [-Wunused-variable]
  223 |     int RED2_count = RED_COUNTER;
      |         ^~~~~~~~~~
../Core/Src/main.c:221:6: warning: unused variable 'GREEN1_count' [-Wunused-variable]
  221 |  int GREEN1_count = GREEN_COUNTER;
      |      ^~~~~~~~~~~~
../Core/Src/main.c:220:6: warning: unused variable 'YELLOW1_count' [-Wunused-variable]
  220 |  int YELLOW1_count = YELLOW_COUNTER;
      |      ^~~~~~~~~~~~~
../Core/Src/main.c:219:8: warning: unused variable 'RED1_count' [-Wunused-variable]
  219 |    int RED1_count = RED_COUNTER;
      |        ^~~~~~~~~~
../Core/Src/main.c:217:8: warning: unused variable 'counter' [-Wunused-variable]
  217 |    int counter = 0;
      |        ^~~~~~~
../Core/Src/main.c:215:8: warning: variable 'time_counter' set but not used [-Wunused-but-set-variable]
  215 |    int time_counter = GENERAL_COUNTER;
      |        ^~~~~~~~~~~~
make: *** [Core/Src/subdir.mk:34: Core/Src/main.o] Error 1
"make -j12 all" terminated with exit code 2. Build might be incomplete.
14:26:52 **** Incremental Build of configuration Debug for project Lab 1_ EX1-5 ****
make -j12 all 
arm-none-eabi-gcc "../Core/Src/main.c" -mcpu=cortex-m3 -std=gnu11 -g3 -DDEBUG -DUSE_HAL_DRIVER -DSTM32F103x6 -c -I../Core/Inc -I../Drivers/STM32F1xx_HAL_Driver/Inc -I../Drivers/STM32F1xx_HAL_Driver/Inc/Legacy -I../Drivers/CMSIS/Device/ST/STM32F1xx/Include -I../Drivers/CMSIS/Include -O0 -ffunction-sections -fdata-sections -Wall -fstack-usage -MMD -MP -MF"Core/Src/main.d" -MT"Core/Src/main.o" --specs=nano.specs -mfloat-abi=soft -mthumb -o "Core/Src/main.o"
../Core/Src/main.c: In function 'main':
../Core/Src/main.c:242:8: error: 'timer_counter' undeclared (first use in this function); did you mean 'time_counter'?
  242 |     if(timer_counter == RESET_TIME){
      |        ^~~~~~~~~~~~~
      |        time_counter
../Core/Src/main.c:242:8: note: each undeclared identifier is reported only once for each function it appears in
../Core/Src/main.c:244:6: error: 'RED_stat' undeclared (first use in this function); did you mean 'RED2_stat'?
  244 |      RED_stat = OFF;
      |      ^~~~~~~~
      |      RED2_stat
../Core/Src/main.c:245:6: error: 'YELLOW_stat' undeclared (first use in this function); did you mean 'YELLOW2_stat'?
  245 |      YELLOW_stat = OFF;
      |      ^~~~~~~~~~~
      |      YELLOW2_stat
../Core/Src/main.c:233:8: warning: unused variable 'GREEN2_stat' [-Wunused-variable]
  233 |    int GREEN2_stat = ON;
      |        ^~~~~~~~~~~
../Core/Src/main.c:232:8: warning: unused variable 'YELLOW2_stat' [-Wunused-variable]
  232 |    int YELLOW2_stat = OFF;
      |        ^~~~~~~~~~~~
../Core/Src/main.c:231:8: warning: unused variable 'RED2_stat' [-Wunused-variable]
  231 |    int RED2_stat = OFF;
      |        ^~~~~~~~~
../Core/Src/main.c:229:8: warning: unused variable 'GREEN1_stat' [-Wunused-variable]
  229 |    int GREEN1_stat = OFF;
      |        ^~~~~~~~~~~
../Core/Src/main.c:225:8: warning: unused variable 'GREEN2_count' [-Wunused-variable]
  225 |    int GREEN2_count = GREEN_COUNTER;
      |        ^~~~~~~~~~~~
../Core/Src/main.c:224:8: warning: unused variable 'YELLOW2_count' [-Wunused-variable]
  224 |    int YELLOW2_count = YELLOW_COUNTER;
      |        ^~~~~~~~~~~~~
../Core/Src/main.c:223:9: warning: unused variable 'RED2_count' [-Wunused-variable]
  223 |     int RED2_count = RED_COUNTER;
      |         ^~~~~~~~~~
../Core/Src/main.c:221:6: warning: unused variable 'GREEN1_count' [-Wunused-variable]
  221 |  int GREEN1_count = GREEN_COUNTER;
      |      ^~~~~~~~~~~~
../Core/Src/main.c:220:6: warning: unused variable 'YELLOW1_count' [-Wunused-variable]
  220 |  int YELLOW1_count = YELLOW_COUNTER;
      |      ^~~~~~~~~~~~~
../Core/Src/main.c:219:8: warning: unused variable 'RED1_count' [-Wunused-variable]
  219 |    int RED1_count = RED_COUNTER;
      |        ^~~~~~~~~~
../Core/Src/main.c:217:8: warning: unused variable 'counter' [-Wunused-variable]
  217 |    int counter = 0;
      |        ^~~~~~~
../Core/Src/main.c:215:8: warning: variable 'time_counter' set but not used [-Wunused-but-set-variable]
  215 |    int time_counter = GENERAL_COUNTER;
      |        ^~~~~~~~~~~~
make: *** [Core/Src/subdir.mk:34: Core/Src/main.o] Error 1
"make -j12 all" terminated with exit code 2. Build might be incomplete.
14:27:22 **** Incremental Build of configuration Debug for project Lab 1_ EX1-5 ****
make -j12 all 
arm-none-eabi-gcc "../Core/Src/main.c" -mcpu=cortex-m3 -std=gnu11 -g3 -DDEBUG -DUSE_HAL_DRIVER -DSTM32F103x6 -c -I../Core/Inc -I../Drivers/STM32F1xx_HAL_Driver/Inc -I../Drivers/STM32F1xx_HAL_Driver/Inc/Legacy -I../Drivers/CMSIS/Device/ST/STM32F1xx/Include -I../Drivers/CMSIS/Include -O0 -ffunction-sections -fdata-sections -Wall -fstack-usage -MMD -MP -MF"Core/Src/main.d" -MT"Core/Src/main.o" --specs=nano.specs -mfloat-abi=soft -mthumb -o "Core/Src/main.o"
../Core/Src/main.c: In function 'main':
../Core/Src/main.c:242:8: error: 'timer_counter' undeclared (first use in this function); did you mean 'time_counter'?
  242 |     if(timer_counter == RESET_TIME){
      |        ^~~~~~~~~~~~~
      |        time_counter
../Core/Src/main.c:242:8: note: each undeclared identifier is reported only once for each function it appears in
../Core/Src/main.c:233:8: warning: unused variable 'GREEN2_stat' [-Wunused-variable]
  233 |    int GREEN2_stat = ON;
      |        ^~~~~~~~~~~
../Core/Src/main.c:232:8: warning: unused variable 'YELLOW2_stat' [-Wunused-variable]
  232 |    int YELLOW2_stat = OFF;
      |        ^~~~~~~~~~~~
../Core/Src/main.c:231:8: warning: unused variable 'RED2_stat' [-Wunused-variable]
  231 |    int RED2_stat = OFF;
      |        ^~~~~~~~~
[...]
Finished building target: Lab 3.elf
 
arm-none-eabi-size   Lab\ 3.elf 
arm-none-eabi-objdump -h -S  Lab\ 3.elf  > "Lab 3.list"
arm-none-eabi-objcopy  -O ihex  Lab\ 3.elf  "Lab 3.hex"
arm-none-eabi-objcopy  -O binary  Lab\ 3.elf  "Lab 3.bin"
   text	   data	    bss	    dec	    hex	filename
   9484	     72	   1752	  11308	   2c2c	Lab 3.elf
Finished building: default.size.stdout
 
Finished building: Lab 3.hex
Finished building: Lab 3.bin
 
 
Finished building: Lab 3.list
 
15:30:00 **** Incremental Build of configuration Debug for project Lab 3 ****
make -j12 all 
arm-none-eabi-gcc "../Core/Src/fsm_manual.c" -mcpu=cortex-m3 -std=gnu11 -g3 -DDEBUG -DUSE_HAL_DRIVER -DSTM32F103x6 -c -I../Core/Inc -I../Drivers/STM32F1xx_HAL_Driver/Inc -I../Drivers/STM32F1xx_HAL_Driver/Inc/Legacy -I../Drivers/CMSIS/Device/ST/STM32F1xx/Include -I../Drivers/CMSIS/Include -O0 -ffunction-sections -fdata-sections -Wall -fstack-usage -MMD -MP -MF"Core/Src/fsm_manual.d" -MT"Core/Src/fsm_manual.o" --specs=nano.specs -mfloat-abi=soft -mthumb -o "Core/Src/fsm_manual.o"
../Core/Src/fsm_manual.c: In function 'fsm_manual_run':
../Core/Src/fsm_manual.c:11:5: warning: suggest parentheses around assignment used as truth value [-Wparentheses]
   11 |  if(mode = MODE2){
      |     ^~~~
arm-none-eabi-gcc -o "Lab 3.elf" @"objects.list"   -mcpu=cortex-m3 -T"C:\Stm32 version 2\Lab 3\STM32F103C6UX_FLASH.ld" --specs=nosys.specs -Wl,-Map="Lab 3.map" -Wl,--gc-sections -static --specs=nano.specs -mfloat-abi=soft -mthumb -Wl,--start-group -lc -lm -Wl,--end-group
Finished building target: Lab 3.elf
 
arm-none-eabi-size   Lab\ 3.elf 
arm-none-eabi-objdump -h -S  Lab\ 3.elf  > "Lab 3.list"
arm-none-eabi-objcopy  -O ihex  Lab\ 3.elf  "Lab 3.hex"
arm-none-eabi-objcopy  -O binary  Lab\ 3.elf  "Lab 3.bin"
   text	   data	    bss	    dec	    hex	filename
   9484	     72	   1752	  11308	   2c2c	Lab 3.elf
Finished building: default.size.stdout
 
Finished building: Lab 3.hex
Finished building: Lab 3.bin
 
 
Finished building: Lab 3.list
 
15:32:11 **** Incremental Build of configuration Debug for project Lab 3 ****
make -j12 all 
arm-none-eabi-gcc "../Core/Src/fsm_auto.c" -mcpu=cortex-m3 -std=gnu11 -g3 -DDEBUG -DUSE_HAL_DRIVER -DSTM32F103x6 -c -I../Core/Inc -I../Drivers/STM32F1xx_HAL_Driver/Inc -I../Drivers/STM32F1xx_HAL_Driver/Inc/Legacy -I../Drivers/CMSIS/Device/ST/STM32F1xx/Include -I../Drivers/CMSIS/Include -O0 -ffunction-sections -fdata-sections -Wall -fstack-usage -MMD -MP -MF"Core/Src/fsm_auto.d" -MT"Core/Src/fsm_auto.o" --specs=nano.specs -mfloat-abi=soft -mthumb -o "Core/Src/fsm_auto.o"
arm-none-eabi-gcc -o "Lab 3.elf" @"objects.list"   -mcpu=cortex-m3 -T"C:\Stm32 version 2\Lab 3\STM32F103C6UX_FLASH.ld" --specs=nosys.specs -Wl,-Map="Lab 3.map" -Wl,--gc-sections -static --specs=nano.specs -mfloat-abi=soft -mthumb -Wl,--start-group -lc -lm -Wl,--end-group
Finished building target: Lab 3.elf
 
arm-none-eabi-size   Lab\ 3.elf 
arm-none-eabi-objdump -h -S  Lab\ 3.elf  > "Lab 3.list"
arm-none-eabi-objcopy  -O ihex  Lab\ 3.elf  "Lab 3.hex"
arm-none-eabi-objcopy  -O binary  Lab\ 3.elf  "Lab 3.bin"
   text	   data	    bss	    dec	    hex	filename
   9424	     72	   1752	  11248	   2bf0	Lab 3.elf
Finished building: default.size.stdout
 
Finished building: Lab 3.hex
Finished building: Lab 3.bin
 
Finished building: Lab 3.list
 
 
15:33:12 **** Incremental Build of configuration Debug for project Lab 3 ****
make -j12 all 
arm-none-eabi-gcc "../Core/Src/button.c" -mcpu=cortex-m3 -std=gnu11 -g3 -DDEBUG -DUSE_HAL_DRIVER -DSTM32F103x6 -c -I../Core/Inc -I../Drivers/STM32F1xx_HAL_Driver/Inc -I../Drivers/STM32F1xx_HAL_Driver/Inc/Legacy -I../Drivers/CMSIS/Device/ST/STM32F1xx/Include -I../Drivers/CMSIS/Include -O0 -ffunction-sections -fdata-sections -Wall -fstack-usage -MMD -MP -MF"Core/Src/button.d" -MT"Core/Src/button.o" --specs=nano.specs -mfloat-abi=soft -mthumb -o "Core/Src/button.o"
arm-none-eabi-gcc "../Core/Src/fsm_auto.c" -mcpu=cortex-m3 -std=gnu11 -g3 -DDEBUG -DUSE_HAL_DRIVER -DSTM32F103x6 -c -I../Core/Inc -I../Drivers/STM32F1xx_HAL_Driver/Inc -I../Drivers/STM32F1xx_HAL_Driver/Inc/Legacy -I../Drivers/CMSIS/Device/ST/STM32F1xx/Include -I../Drivers/CMSIS/Include -O0 -ffunction-sections -fdata-sections -Wall -fstack-usage -MMD -MP -MF"Core/Src/fsm_auto.d" -MT"Core/Src/fsm_auto.o" --specs=nano.specs -mfloat-abi=soft -mthumb -o "Core/Src/fsm_auto.o"
arm-none-eabi-gcc "../Core/Src/fsm_manual.c" -mcpu=cortex-m3 -std=gnu11 -g3 -DDEBUG -DUSE_HAL_DRIVER -DSTM32F103x6 -c -I../Core/Inc -I../Drivers/STM32F1xx_HAL_Driver/Inc -I../Drivers/STM32F1xx_HAL_Driver/Inc/Legacy -I../Drivers/CMSIS/Device/ST/STM32F1xx/Include -I../Drivers/CMSIS/Include -O0 -ffunction-sections -fdata-sections -Wall -fstack-usage -MMD -MP -MF"Core/Src/fsm_manual.d" -MT"Core/Src/fsm_manual.o" --specs=nano.specs -mfloat-abi=soft -mthumb -o "Core/Src/fsm_manual.o"
arm-none-eabi-gcc "../Core/Src/global.c" -mcpu=cortex-m3 -std=gnu11 -g3 -DDEBUG -DUSE_HAL_DRIVER -DSTM32F103x6 -c -I../Core/Inc -I../Drivers/STM32F1xx_HAL_Driver/Inc -I../Drivers/STM32F1xx_HAL_Driver/Inc/Legacy -I../Drivers/CMSIS/Device/ST/STM32F1xx/Include -I../Drivers/CMSIS/Include -O0 -ffunction-sections -fdata-sections -Wall -fstack-usage -MMD -MP -MF"Core/Src/global.d" -MT"Core/Src/global.o" --specs=nano.specs -mfloat-abi=soft -mthumb -o "Core/Src/global.o"
arm-none-eabi-gcc "../Core/Src/led_disp.c" -mcpu=cortex-m3 -std=gnu11 -g3 -DDEBUG -DUSE_HAL_DRIVER -DSTM32F103x6 -c -I../Core/Inc -I../Drivers/STM32F1xx_HAL_Driver/Inc -I../Drivers/STM32F1xx_HAL_Driver/Inc/Legacy -I../Drivers/CMSIS/Device/ST/STM32F1xx/Include -I../Drivers/CMSIS/Include -O0 -ffunction-sections -fdata-sections -Wall -fstack-usage -MMD -MP -MF"Core/Src/led_disp.d" -MT"Core/Src/led_disp.o" --specs=nano.specs -mfloat-abi=soft -mthumb -o "Core/Src/led_disp.o"
arm-none-eabi-gcc "../Core/Src/main.c" -mcpu=cortex-m3 -std=gnu11 -g3 -DDEBUG -DUSE_HAL_DRIVER -DSTM32F103x6 -c -I../Core/Inc -I../Drivers/STM32F1xx_HAL_Driver/Inc -I../Drivers/STM32F1xx_HAL_Driver/Inc/Legacy -I../Drivers/CMSIS/Device/ST/STM32F1xx/Include -I../Drivers/CMSIS/Include -O0 -ffunction-sections -fdata-sections -Wall -fstack-usage -MMD -MP -MF"Core/Src/main.d" -MT"Core/Src/main.o" --specs=nano.specs -mfloat-abi=soft -mthumb -o "Core/Src/main.o"
../Core/Src/fsm_manual.c: In function 'fsm_manual_run':
../Core/Src/fsm_manual.c:11:5: warning: suggest parentheses around assignment used as truth value [-Wparentheses]
   11 |  if(mode = MODE2){
      |     ^~~~
arm-none-eabi-gcc -o "Lab 3.elf" @"objects.list"   -mcpu=cortex-m3 -T"C:\Stm32 version 2\Lab 3\STM32F103C6UX_FLASH.ld" --specs=nosys.specs -Wl,-Map="Lab 3.map" -Wl,--gc-sections -static --specs=nano.specs -mfloat-abi=soft -mthumb -Wl,--start-group -lc -lm -Wl,--end-group
Finished building target: Lab 3.elf
 
arm-none-eabi-size   Lab\ 3.elf 
arm-none-eabi-objdump -h -S  Lab\ 3.elf  > "Lab 3.list"
arm-none-eabi-objcopy  -O ihex  Lab\ 3.elf  "Lab 3.hex"
arm-none-eabi-objcopy  -O binary  Lab\ 3.elf  "Lab 3.bin"
   text	   data	    bss	    dec	    hex	filename
   9420	     72	   1752	  11244	   2bec	Lab 3.elf
Finished building: default.size.stdout
 
Finished building: Lab 3.hex
Finished building: Lab 3.bin
 
Finished building: Lab 3.list
 
 
15:34:34 **** Incremental Build of configuration Debug for project Lab 3 ****
make -j12 all 
arm-none-eabi-gcc "../Core/Src/fsm_manual.c" -mcpu=cortex-m3 -std=gnu11 -g3 -DDEBUG -DUSE_HAL_DRIVER -DSTM32F103x6 -c -I../Core/Inc -I../Drivers/STM32F1xx_HAL_Driver/Inc -I../Drivers/STM32F1xx_HAL_Driver/Inc/Legacy -I../Drivers/CMSIS/Device/ST/STM32F1xx/Include -I../Drivers/CMSIS/Include -O0 -ffunction-sections -fdata-sections -Wall -fstack-usage -MMD -MP -MF"Core/Src/fsm_manual.d" -MT"Core/Src/fsm_manual.o" --specs=nano.specs -mfloat-abi=soft -mthumb -o "Core/Src/fsm_manual.o"
../Core/Src/fsm_manual.c: In function 'fsm_manual_run':
../Core/Src/fsm_manual.c:11:5: warning: suggest parentheses around assignment used as truth value [-Wparentheses]
   11 |  if(mode = MODE2){
      |     ^~~~
../Core/Src/fsm_manual.c:19:5: warning: suggest parentheses around assignment used as truth value [-Wparentheses]
   19 |  if(mode = MODE3) return;
      |     ^~~~
arm-none-eabi-gcc -o "Lab 3.elf" @"objects.list"   -mcpu=cortex-m3 -T"C:\Stm32 version 2\Lab 3\STM32F103C6UX_FLASH.ld" --specs=nosys.specs -Wl,-Map="Lab 3.map" -Wl,--gc-sections -static --specs=nano.specs -mfloat-abi=soft -mthumb -Wl,--start-group -lc -lm -Wl,--end-group
Finished building target: Lab 3.elf
 
arm-none-eabi-size   Lab\ 3.elf 
arm-none-eabi-objdump -h -S  Lab\ 3.elf  > "Lab 3.list"
arm-none-eabi-objcopy  -O ihex  Lab\ 3.elf  "Lab 3.hex"
arm-none-eabi-objcopy  -O binary  Lab\ 3.elf  "Lab 3.bin"
   text	   data	    bss	    dec	    hex	filename
   9420	     72	   1752	  11244	   2bec	Lab 3.elf
Finished building: default.size.stdout
 
Finished building: Lab 3.bin
Finished building: Lab 3.hex
 
Finished building: Lab 3.list
 
 
15:36:35 **** Incremental Build of configuration Debug for project Lab 3 ****
make -j12 all 
arm-none-eabi-gcc "../Core/Src/fsm_manual.c" -mcpu=cortex-m3 -std=gnu11 -g3 -DDEBUG -DUSE_HAL_DRIVER -DSTM32F103x6 -c -I../Core/Inc -I../Drivers/STM32F1xx_HAL_Driver/Inc -I../Drivers/STM32F1xx_HAL_Driver/Inc/Legacy -I../Drivers/CMSIS/Device/ST/STM32F1xx/Include -I../Drivers/CMSIS/Include -O0 -ffunction-sections -fdata-sections -Wall -fstack-usage -MMD -MP -MF"Core/Src/fsm_manual.d" -MT"Core/Src/fsm_manual.o" --specs=nano.specs -mfloat-abi=soft -mthumb -o "Core/Src/fsm_manual.o"
arm-none-eabi-gcc -o "Lab 3.elf" @"objects.list"   -mcpu=cortex-m3 -T"C:\Stm32 version 2\Lab 3\STM32F103C6UX_FLASH.ld" --specs=nosys.specs -Wl,-Map="Lab 3.map" -Wl,--gc-sections -static --specs=nano.specs -mfloat-abi=soft -mthumb -Wl,--start-group -lc -lm -Wl,--end-group
Finished building target: Lab 3.elf
 
arm-none-eabi-size   Lab\ 3.elf 
arm-none-eabi-objdump -h -S  Lab\ 3.elf  > "Lab 3.list"
arm-none-eabi-objcopy  -O ihex  Lab\ 3.elf  "Lab 3.hex"
arm-none-eabi-objcopy  -O binary  Lab\ 3.elf  "Lab 3.bin"
   text	   data	    bss	    dec	    hex	filename
   9428	     72	   1752	  11252	   2bf4	Lab 3.elf
Finished building: default.size.stdout
 
Finished building: Lab 3.hex
Finished building: Lab 3.bin
 
 
Finished building: Lab 3.list
 
15:57:15 **** Incremental Build of configuration Debug for project Lab 3 ****
make -j12 all 
arm-none-eabi-gcc "../Core/Src/button.c" -mcpu=cortex-m3 -std=gnu11 -g3 -DDEBUG -DUSE_HAL_DRIVER -DSTM32F103x6 -c -I../Core/Inc -I../Drivers/STM32F1xx_HAL_Driver/Inc -I../Drivers/STM32F1xx_HAL_Driver/Inc/Legacy -I../Drivers/CMSIS/Device/ST/STM32F1xx/Include -I../Drivers/CMSIS/Include -O0 -ffunction-sections -fdata-sections -Wall -fstack-usage -MMD -MP -MF"Core/Src/button.d" -MT"Core/Src/button.o" --specs=nano.specs -mfloat-abi=soft -mthumb -o "Core/Src/button.o"
arm-none-eabi-gcc "../Core/Src/fsm_auto.c" -mcpu=cortex-m3 -std=gnu11 -g3 -DDEBUG -DUSE_HAL_DRIVER -DSTM32F103x6 -c -I../Core/Inc -I../Drivers/STM32F1xx_HAL_Driver/Inc -I../Drivers/STM32F1xx_HAL_Driver/Inc/Legacy -I../Drivers/CMSIS/Device/ST/STM32F1xx/Include -I../Drivers/CMSIS/Include -O0 -ffunction-sections -fdata-sections -Wall -fstack-usage -MMD -MP -MF"Core/Src/fsm_auto.d" -MT"Core/Src/fsm_auto.o" --specs=nano.specs -mfloat-abi=soft -mthumb -o "Core/Src/fsm_auto.o"
arm-none-eabi-gcc "../Core/Src/fsm_manual.c" -mcpu=cortex-m3 -std=gnu11 -g3 -DDEBUG -DUSE_HAL_DRIVER -DSTM32F103x6 -c -I../Core/Inc -I../Drivers/STM32F1xx_HAL_Driver/Inc -I../Drivers/STM32F1xx_HAL_Driver/Inc/Legacy -I../Drivers/CMSIS/Device/ST/STM32F1xx/Include -I../Drivers/CMSIS/Include -O0 -ffunction-sections -fdata-sections -Wall -fstack-usage -MMD -MP -MF"Core/Src/fsm_manual.d" -MT"Core/Src/fsm_manual.o" --specs=nano.specs -mfloat-abi=soft -mthumb -o "Core/Src/fsm_manual.o"
arm-none-eabi-gcc "../Core/Src/global.c" -mcpu=cortex-m3 -std=gnu11 -g3 -DDEBUG -DUSE_HAL_DRIVER -DSTM32F103x6 -c -I../Core/Inc -I../Drivers/STM32F1xx_HAL_Driver/Inc -I../Drivers/STM32F1xx_HAL_Driver/Inc/Legacy -I../Drivers/CMSIS/Device/ST/STM32F1xx/Include -I../Drivers/CMSIS/Include -O0 -ffunction-sections -fdata-sections -Wall -fstack-usage -MMD -MP -MF"Core/Src/global.d" -MT"Core/Src/global.o" --specs=nano.specs -mfloat-abi=soft -mthumb -o "Core/Src/global.o"
arm-none-eabi-gcc "../Core/Src/led_disp.c" -mcpu=cortex-m3 -std=gnu11 -g3 -DDEBUG -DUSE_HAL_DRIVER -DSTM32F103x6 -c -I../Core/Inc -I../Drivers/STM32F1xx_HAL_Driver/Inc -I../Drivers/STM32F1xx_HAL_Driver/Inc/Legacy -I../Drivers/CMSIS/Device/ST/STM32F1xx/Include -I../Drivers/CMSIS/Include -O0 -ffunction-sections -fdata-sections -Wall -fstack-usage -MMD -MP -MF"Core/Src/led_disp.d" -MT"Core/Src/led_disp.o" --specs=nano.specs -mfloat-abi=soft -mthumb -o "Core/Src/led_disp.o"
arm-none-eabi-gcc "../Core/Src/main.c" -mcpu=cortex-m3 -std=gnu11 -g3 -DDEBUG -DUSE_HAL_DRIVER -DSTM32F103x6 -c -I../Core/Inc -I../Drivers/STM32F1xx_HAL_Driver/Inc -I../Drivers/STM32F1xx_HAL_Driver/Inc/Legacy -I../Drivers/CMSIS/Device/ST/STM32F1xx/Include -I../Drivers/CMSIS/Include -O0 -ffunction-sections -fdata-sections -Wall -fstack-usage -MMD -MP -MF"Core/Src/main.d" -MT"Core/Src/main.o" --specs=nano.specs -mfloat-abi=soft -mthumb -o "Core/Src/main.o"
arm-none-eabi-gcc "../Core/Src/software_timer.c" -mcpu=cortex-m3 -std=gnu11 -g3 -DDEBUG -DUSE_HAL_DRIVER -DSTM32F103x6 -c -I../Core/Inc -I../Drivers/STM32F1xx_HAL_Driver/Inc -I../Drivers/STM32F1xx_HAL_Driver/Inc/Legacy -I../Drivers/CMSIS/Device/ST/STM32F1xx/Include -I../Drivers/CMSIS/Include -O0 -ffunction-sections -fdata-sections -Wall -fstack-usage -MMD -MP -MF"Core/Src/software_timer.d" -MT"Core/Src/software_timer.o" --specs=nano.specs -mfloat-abi=soft -mthumb -o "Core/Src/software_timer.o"
arm-none-eabi-gcc "../Core/Src/stm32f1xx_hal_msp.c" -mcpu=cortex-m3 -std=gnu11 -g3 -DDEBUG -DUSE_HAL_DRIVER -DSTM32F103x6 -c -I../Core/Inc -I../Drivers/STM32F1xx_HAL_Driver/Inc -I../Drivers/STM32F1xx_HAL_Driver/Inc/Legacy -I../Drivers/CMSIS/Device/ST/STM32F1xx/Include -I../Drivers/CMSIS/Include -O0 -ffunction-sections -fdata-sections -Wall -fstack-usage -MMD -MP -MF"Core/Src/stm32f1xx_hal_msp.d" -MT"Core/Src/stm32f1xx_hal_msp.o" --specs=nano.specs -mfloat-abi=soft -mthumb -o "Core/Src/stm32f1xx_hal_msp.o"
arm-none-eabi-gcc "../Core/Src/stm32f1xx_it.c" -mcpu=cortex-m3 -std=gnu11 -g3 -DDEBUG -DUSE_HAL_DRIVER -DSTM32F103x6 -c -I../Core/Inc -I../Drivers/STM32F1xx_HAL_Driver/Inc -I../Drivers/STM32F1xx_HAL_Driver/Inc/Legacy -I../Drivers/CMSIS/Device/ST/STM32F1xx/Include -I../Drivers/CMSIS/Include -O0 -ffunction-sections -fdata-sections -Wall -fstack-usage -MMD -MP -MF"Core/Src/stm32f1xx_it.d" -MT"Core/Src/stm32f1xx_it.o" --specs=nano.specs -mfloat-abi=soft -mthumb -o "Core/Src/stm32f1xx_it.o"
arm-none-eabi-gcc "../Core/Src/syscalls.c" -mcpu=cortex-m3 -std=gnu11 -g3 -DDEBUG -DUSE_HAL_DRIVER -DSTM32F103x6 -c -I../Core/Inc -I../Drivers/STM32F1xx_HAL_Driver/Inc -I../Drivers/STM32F1xx_HAL_Driver/Inc/Legacy -I../Drivers/CMSIS/Device/ST/STM32F1xx/Include -I../Drivers/CMSIS/Include -O0 -ffunction-sections -fdata-sections -Wall -fstack-usage -MMD -MP -MF"Core/Src/syscalls.d" -MT"Core/Src/syscalls.o" --specs=nano.specs -mfloat-abi=soft -mthumb -o "Core/Src/syscalls.o"
arm-none-eabi-gcc "../Core/Src/sysmem.c" -mcpu=cortex-m3 -std=gnu11 -g3 -DDEBUG -DUSE_HAL_DRIVER -DSTM32F103x6 -c -I../Core/Inc -I../Drivers/STM32F1xx_HAL_Driver/Inc -I../Drivers/STM32F1xx_HAL_Driver/Inc/Legacy -I../Drivers/CMSIS/Device/ST/STM32F1xx/Include -I../Drivers/CMSIS/Include -O0 -ffunction-sections -fdata-sections -Wall -fstack-usage -MMD -MP -MF"Core/Src/sysmem.d" -MT"Core/Src/sysmem.o" --specs=nano.specs -mfloat-abi=soft -mthumb -o "Core/Src/sysmem.o"
arm-none-eabi-gcc "../Core/Src/system_stm32f1xx.c" -mcpu=cortex-m3 -std=gnu11 -g3 -DDEBUG -DUSE_HAL_DRIVER -DSTM32F103x6 -c -I../Core/Inc -I../Drivers/STM32F1xx_HAL_Driver/Inc -I../Drivers/STM32F1xx_HAL_Driver/Inc/Legacy -I../Drivers/CMSIS/Device/ST/STM32F1xx/Include -I../Drivers/CMSIS/Include -O0 -ffunction-sections -fdata-sections -Wall -fstack-usage -MMD -MP -MF"Core/Src/system_stm32f1xx.d" -MT"Core/Src/system_stm32f1xx.o" --specs=nano.specs -mfloat-abi=soft -mthumb -o "Core/Src/system_stm32f1xx.o"
arm-none-eabi-gcc -o "Lab 3.elf" @"objects.list"   -mcpu=cortex-m3 -T"C:\Stm32 version 2\Lab 3\STM32F103C6UX_FLASH.ld" --specs=nosys.specs -Wl,-Map="Lab 3.map" -Wl,--gc-sections -static --specs=nano.specs -mfloat-abi=soft -mthumb -Wl,--start-group -lc -lm -Wl,--end-group
Finished building target: Lab 3.elf
 
arm-none-eabi-size   Lab\ 3.elf 
arm-none-eabi-objdump -h -S  Lab\ 3.elf  > "Lab 3.list"
arm-none-eabi-objcopy  -O ihex  Lab\ 3.elf  "Lab 3.hex"
arm-none-eabi-objcopy  -O binary  Lab\ 3.elf  "Lab 3.bin"
   text	   data	    bss	    dec	    hex	filename
   9428	     72	   1752	  11252	   2bf4	Lab 3.elf
Finished building: default.size.stdout
 
Finished building: Lab 3.hex
Finished building: Lab 3.bin
 
Finished building: Lab 3.list
 
 
16:17:43 **** Incremental Build of configuration Debug for project Lab 3 ****
make -j12 all 
arm-none-eabi-gcc "../Core/Src/button.c" -mcpu=cortex-m3 -std=gnu11 -g3 -DDEBUG -DUSE_HAL_DRIVER -DSTM32F103x6 -c -I../Core/Inc -I../Drivers/STM32F1xx_HAL_Driver/Inc -I../Drivers/STM32F1xx_HAL_Driver/Inc/Legacy -I../Drivers/CMSIS/Device/ST/STM32F1xx/Include -I../Drivers/CMSIS/Include -O0 -ffunction-sections -fdata-sections -Wall -fstack-usage -MMD -MP -MF"Core/Src/button.d" -MT"Core/Src/button.o" --specs=nano.specs -mfloat-abi=soft -mthumb -o "Core/Src/button.o"
arm-none-eabi-gcc "../Core/Src/fsm_auto.c" -mcpu=cortex-m3 -std=gnu11 -g3 -DDEBUG -DUSE_HAL_DRIVER -DSTM32F103x6 -c -I../Core/Inc -I../Drivers/STM32F1xx_HAL_Driver/Inc -I../Drivers/STM32F1xx_HAL_Driver/Inc/Legacy -I../Drivers/CMSIS/Device/ST/STM32F1xx/Include -I../Drivers/CMSIS/Include -O0 -ffunction-sections -fdata-sections -Wall -fstack-usage -MMD -MP -MF"Core/Src/fsm_auto.d" -MT"Core/Src/fsm_auto.o" --specs=nano.specs -mfloat-abi=soft -mthumb -o "Core/Src/fsm_auto.o"
arm-none-eabi-gcc "../Core/Src/fsm_manual.c" -mcpu=cortex-m3 -std=gnu11 -g3 -DDEBUG -DUSE_HAL_DRIVER -DSTM32F103x6 -c -I../Core/Inc -I../Drivers/STM32F1xx_HAL_Driver/Inc -I../Drivers/STM32F1xx_HAL_Driver/Inc/Legacy -I../Drivers/CMSIS/Device/ST/STM32F1xx/Include -I../Drivers/CMSIS/Include -O0 -ffunction-sections -fdata-sections -Wall -fstack-usage -MMD -MP -MF"Core/Src/fsm_manual.d" -MT"Core/Src/fsm_manual.o" --specs=nano.specs -mfloat-abi=soft -mthumb -o "Core/Src/fsm_manual.o"
arm-none-eabi-gcc "../Core/Src/global.c" -mcpu=cortex-m3 -std=gnu11 -g3 -DDEBUG -DUSE_HAL_DRIVER -DSTM32F103x6 -c -I../Core/Inc -I../Drivers/STM32F1xx_HAL_Driver/Inc -I../Drivers/STM32F1xx_HAL_Driver/Inc/Legacy -I../Drivers/CMSIS/Device/ST/STM32F1xx/Include -I../Drivers/CMSIS/Include -O0 -ffunction-sections -fdata-sections -Wall -fstack-usage -MMD -MP -MF"Core/Src/global.d" -MT"Core/Src/global.o" --specs=nano.specs -mfloat-abi=soft -mthumb -o "Core/Src/global.o"
arm-none-eabi-gcc "../Core/Src/main.c" -mcpu=cortex-m3 -std=gnu11 -g3 -DDEBUG -DUSE_HAL_DRIVER -DSTM32F103x6 -c -I../Core/Inc -I../Drivers/STM32F1xx_HAL_Driver/Inc -I../Drivers/STM32F1xx_HAL_Driver/Inc/Legacy -I../Drivers/CMSIS/Device/ST/STM32F1xx/Include -I../Drivers/CMSIS/Include -O0 -ffunction-sections -fdata-sections -Wall -fstack-usage -MMD -MP -MF"Core/Src/main.d" -MT"Core/Src/main.o" --specs=nano.specs -mfloat-abi=soft -mthumb -o "Core/Src/main.o"
../Core/Src/fsm_manual.c: In function 'fsm_manual_run':
../Core/Src/fsm_manual.c:12:10: error: 'test' undeclared (first use in this function)
   12 |   switch(test){
      |          ^~~~
../Core/Src/fsm_manual.c:12:10: note: each undeclared identifier is reported only once for each function it appears in
make: *** [Core/Src/subdir.mk:52: Core/Src/fsm_manual.o] Error 1
make: *** Waiting for unfinished jobs....
"make -j12 all" terminated with exit code 2. Build might be incomplete.
