19:22:15 **** Incremental Build of configuration Debug for project Lab 2_EX6-10 ****
make -j12 all 
arm-none-eabi-gcc -o "Lab 2_EX6-10.elf" @"objects.list"   -mcpu=cortex-m3 -T"C:\Stm32 version 2\Lab 2_EX6-10\STM32F103C6UX_FLASH.ld" --specs=nosys.specs -Wl,-Map="Lab 2_EX6-10.map" -Wl,--gc-sections -static --specs=nano.specs -mfloat-abi=soft -mthumb -Wl,--start-group -lc -lm -Wl,--end-group
Finished building target: Lab 2_EX6-10.elf
 
arm-none-eabi-size   Lab\ 2_EX6-10.elf 
arm-none-eabi-objdump -h -S  Lab\ 2_EX6-10.elf  > "Lab 2_EX6-10.list"
arm-none-eabi-objcopy  -O ihex  Lab\ 2_EX6-10.elf  "Lab 2_EX6-10.hex"
arm-none-eabi-objcopy  -O binary  Lab\ 2_EX6-10.elf  "Lab 2_EX6-10.bin"
   text	   data	    bss	    dec	    hex	filename
   8652	     52	   1668	  10372	   2884	Lab 2_EX6-10.elf
Finished building: default.size.stdout
 
Finished building: Lab 2_EX6-10.hex
Finished building: Lab 2_EX6-10.bin
 
Finished building: Lab 2_EX6-10.list
 
 

19:22:15 Build Finished. 0 errors, 0 warnings. (took 632ms)

