14:53:04 **** Incremental Build of configuration Debug for project Lab 3 ****
make -j12 all 
arm-none-eabi-gcc "../Core/Src/fsm_manual.c" -mcpu=cortex-m3 -std=gnu11 -g3 -DDEBUG -DUSE_HAL_DRIVER -DSTM32F103x6 -c -I../Core/Inc -I../Drivers/STM32F1xx_HAL_Driver/Inc -I../Drivers/STM32F1xx_HAL_Driver/Inc/Legacy -I../Drivers/CMSIS/Device/ST/STM32F1xx/Include -I../Drivers/CMSIS/Include -O0 -ffunction-sections -fdata-sections -Wall -fstack-usage -MMD -MP -MF"Core/Src/fsm_manual.d" -MT"Core/Src/fsm_manual.o" --specs=nano.specs -mfloat-abi=soft -mthumb -o "Core/Src/fsm_manual.o"
arm-none-eabi-gcc -o "Lab 3.elf" @"objects.list"   -mcpu=cortex-m3 -T"C:\Stm32 version 2\Lab 3\STM32F103C6UX_FLASH.ld" --specs=nosys.specs -Wl,-Map="Lab 3.map" -Wl,--gc-sections -static --specs=nano.specs -mfloat-abi=soft -mthumb -Wl,--start-group -lc -lm -Wl,--end-group
Finished building target: Lab 3.elf
 
arm-none-eabi-size   Lab\ 3.elf 
arm-none-eabi-objdump -h -S  Lab\ 3.elf  > "Lab 3.list"
arm-none-eabi-objcopy  -O ihex  Lab\ 3.elf  "Lab 3.hex"
arm-none-eabi-objcopy  -O binary  Lab\ 3.elf  "Lab 3.bin"
   text	   data	    bss	    dec	    hex	filename
  11456	     84	   1828	  13368	   3438	Lab 3.elf
Finished building: default.size.stdout
 
Finished building: Lab 3.hex
Finished building: Lab 3.bin
 
 
Finished building: Lab 3.list
 

14:53:05 Build Finished. 0 errors, 0 warnings. (took 1s.37ms)

