15:46:23 **** Incremental Build of configuration Debug for project midterm ****
make -j12 all 
arm-none-eabi-gcc "../Core/Src/fsm_auto.c" -mcpu=cortex-m3 -std=gnu11 -g3 -DDEBUG -DUSE_HAL_DRIVER -DSTM32F103x6 -c -I../Core/Inc -I../Drivers/STM32F1xx_HAL_Driver/Inc -I../Drivers/STM32F1xx_HAL_Driver/Inc/Legacy -I../Drivers/CMSIS/Device/ST/STM32F1xx/Include -I../Drivers/CMSIS/Include -O0 -ffunction-sections -fdata-sections -Wall -fstack-usage -MMD -MP -MF"Core/Src/fsm_auto.d" -MT"Core/Src/fsm_auto.o" --specs=nano.specs -mfloat-abi=soft -mthumb -o "Core/Src/fsm_auto.o"
arm-none-eabi-gcc -o "midterm.elf" @"objects.list"   -mcpu=cortex-m3 -T"C:\Stm32 version 2\midterm\STM32F103C6UX_FLASH.ld" --specs=nosys.specs -Wl,-Map="midterm.map" -Wl,--gc-sections -static --specs=nano.specs -mfloat-abi=soft -mthumb -Wl,--start-group -lc -lm -Wl,--end-group
Finished building target: midterm.elf
 
arm-none-eabi-size   midterm.elf 
arm-none-eabi-objdump -h -S  midterm.elf  > "midterm.list"
arm-none-eabi-objcopy  -O ihex  midterm.elf  "midterm.hex"
arm-none-eabi-objcopy  -O binary  midterm.elf  "midterm.bin"
   text	   data	    bss	    dec	    hex	filename
   8956	     84	   1708	  10748	   29fc	midterm.elf
Finished building: default.size.stdout
 
Finished building: midterm.hex
Finished building: midterm.bin
 
Finished building: midterm.list
 
 

15:46:24 Build Finished. 0 errors, 0 warnings. (took 1s.20ms)

