13:33:21 **** Incremental Build of configuration Debug for project prorotype ****
make -j12 all 
arm-none-eabi-gcc "../Core/Src/main.c" -mcpu=cortex-m3 -std=gnu11 -g3 -DDEBUG -DUSE_HAL_DRIVER -DSTM32F103x6 -c -I../Core/Inc -I../Drivers/STM32F1xx_HAL_Driver/Inc -I../Drivers/STM32F1xx_HAL_Driver/Inc/Legacy -I../Drivers/CMSIS/Device/ST/STM32F1xx/Include -I../Drivers/CMSIS/Include -O0 -ffunction-sections -fdata-sections -Wall -fstack-usage -MMD -MP -MF"Core/Src/main.d" -MT"Core/Src/main.o" --specs=nano.specs -mfloat-abi=soft -mthumb -o "Core/Src/main.o"
arm-none-eabi-gcc -o "prorotype.elf" @"objects.list"   -mcpu=cortex-m3 -T"C:\Stm32 version 2\prorotype\STM32F103C6UX_FLASH.ld" --specs=nosys.specs -Wl,-Map="prorotype.map" -Wl,--gc-sections -static --specs=nano.specs -mfloat-abi=soft -mthumb -Wl,--start-group -lc -lm -Wl,--end-group
Finished building target: prorotype.elf
 
arm-none-eabi-size   prorotype.elf 
arm-none-eabi-objdump -h -S  prorotype.elf  > "prorotype.list"
arm-none-eabi-objcopy  -O ihex  prorotype.elf  "prorotype.hex"
arm-none-eabi-objcopy  -O binary  prorotype.elf  "prorotype.bin"
   text	   data	    bss	    dec	    hex	filename
   7392	     20	   2444	   9856	   2680	prorotype.elf
Finished building: default.size.stdout
 
Finished building: prorotype.hex
Finished building: prorotype.bin
 
Finished building: prorotype.list
 
 

13:33:22 Build Finished. 0 errors, 0 warnings. (took 1s.25ms)

