10:52:02 **** Incremental Build of configuration Debug for project prototype ****
make -j12 all 
arm-none-eabi-gcc "../Core/Src/main.c" -mcpu=cortex-m3 -std=gnu11 -g3 -DDEBUG -DUSE_HAL_DRIVER -DSTM32F103x6 -c -I../Core/Inc -I../Drivers/STM32F1xx_HAL_Driver/Inc -I../Drivers/STM32F1xx_HAL_Driver/Inc/Legacy -I../Drivers/CMSIS/Device/ST/STM32F1xx/Include -I../Drivers/CMSIS/Include -O0 -ffunction-sections -fdata-sections -Wall -fstack-usage -MMD -MP -MF"Core/Src/main.d" -MT"Core/Src/main.o" --specs=nano.specs -mfloat-abi=soft -mthumb -o "Core/Src/main.o"
arm-none-eabi-gcc "../Core/Src/scheduler.c" -mcpu=cortex-m3 -std=gnu11 -g3 -DDEBUG -DUSE_HAL_DRIVER -DSTM32F103x6 -c -I../Core/Inc -I../Drivers/STM32F1xx_HAL_Driver/Inc -I../Drivers/STM32F1xx_HAL_Driver/Inc/Legacy -I../Drivers/CMSIS/Device/ST/STM32F1xx/Include -I../Drivers/CMSIS/Include -O0 -ffunction-sections -fdata-sections -Wall -fstack-usage -MMD -MP -MF"Core/Src/scheduler.d" -MT"Core/Src/scheduler.o" --specs=nano.specs -mfloat-abi=soft -mthumb -o "Core/Src/scheduler.o"
arm-none-eabi-gcc -o "prototype.elf" @"objects.list"   -mcpu=cortex-m3 -T"C:\Stm32 version 2\prototype\STM32F103C6UX_FLASH.ld" --specs=nosys.specs -Wl,-Map="prototype.map" -Wl,--gc-sections -static --specs=nano.specs -mfloat-abi=soft -mthumb -Wl,--start-group -lc -lm -Wl,--end-group
Finished building target: prototype.elf
 
arm-none-eabi-size   prototype.elf 
arm-none-eabi-objdump -h -S  prototype.elf  > "prototype.list"
arm-none-eabi-objcopy  -O ihex  prototype.elf  "prototype.hex"
arm-none-eabi-objcopy  -O binary  prototype.elf  "prototype.bin"
   text	   data	    bss	    dec	    hex	filename
   7376	     20	   2444	   9840	   2670	prototype.elf
Finished building: default.size.stdout
 
Finished building: prototype.hex
Finished building: prototype.bin
 
Finished building: prototype.list
 
 

10:52:03 Build Finished. 0 errors, 0 warnings. (took 1s.14ms)

