19:34:51 **** Incremental Build of configuration Debug for project Shield Clock with buttons ****
make -j12 all 
arm-none-eabi-gcc "../Core/Src/main.c" -mcpu=cortex-m3 -std=gnu11 -g3 -DDEBUG -DUSE_HAL_DRIVER -DSTM32F103x6 -c -I../Core/Inc -I../Drivers/STM32F1xx_HAL_Driver/Inc -I../Drivers/STM32F1xx_HAL_Driver/Inc/Legacy -I../Drivers/CMSIS/Device/ST/STM32F1xx/Include -I../Drivers/CMSIS/Include -O0 -ffunction-sections -fdata-sections -Wall -fstack-usage -MMD -MP -MF"Core/Src/main.d" -MT"Core/Src/main.o" --specs=nano.specs -mfloat-abi=soft -mthumb -o "Core/Src/main.o"
arm-none-eabi-gcc -o "Shield Clock with buttons.elf" @"objects.list"   -mcpu=cortex-m3 -T"C:\Stm32 version 2\Shield Clock with buttons\STM32F103C6UX_FLASH.ld" --specs=nosys.specs -Wl,-Map="Shield Clock with buttons.map" -Wl,--gc-sections -static --specs=nano.specs -mfloat-abi=soft -mthumb -Wl,--start-group -lc -lm -Wl,--end-group
Finished building target: Shield Clock with buttons.elf
 
arm-none-eabi-size   Shield\ Clock\ with\ buttons.elf 
arm-none-eabi-objdump -h -S  Shield\ Clock\ with\ buttons.elf  > "Shield Clock with buttons.list"
arm-none-eabi-objcopy  -O ihex  Shield\ Clock\ with\ buttons.elf  "Shield Clock with buttons.hex"
arm-none-eabi-objcopy  -O binary  Shield\ Clock\ with\ buttons.elf  "Shield Clock with buttons.bin"
   text	   data	    bss	    dec	    hex	filename
   7716	     68	   1724	   9508	   2524	Shield Clock with buttons.elf
Finished building: default.size.stdout
 
Finished building: Shield Clock with buttons.hex
Finished building: Shield Clock with buttons.bin
Finished building: Shield Clock with buttons.list
 
 
 

19:34:52 Build Finished. 0 errors, 0 warnings. (took 953ms)

