22:36:13 **** Incremental Build of configuration Debug for project testing lab 4 ****
make -j12 all 
arm-none-eabi-gcc "../Core/Src/scheduler.c" -mcpu=cortex-m3 -std=gnu11 -g3 -DDEBUG -DUSE_HAL_DRIVER -DSTM32F103x6 -c -I../Core/Inc -I../Drivers/STM32F1xx_HAL_Driver/Inc -I../Drivers/STM32F1xx_HAL_Driver/Inc/Legacy -I../Drivers/CMSIS/Device/ST/STM32F1xx/Include -I../Drivers/CMSIS/Include -O0 -ffunction-sections -fdata-sections -Wall -fstack-usage -MMD -MP -MF"Core/Src/scheduler.d" -MT"Core/Src/scheduler.o" --specs=nano.specs -mfloat-abi=soft -mthumb -o "Core/Src/scheduler.o"
arm-none-eabi-gcc -o "testing lab 4.elf" @"objects.list"   -mcpu=cortex-m3 -T"C:\Stm32 version 2\testing lab 4\STM32F103C6UX_FLASH.ld" --specs=nosys.specs -Wl,-Map="testing lab 4.map" -Wl,--gc-sections -static --specs=nano.specs -mfloat-abi=soft -mthumb -Wl,--start-group -lc -lm -Wl,--end-group
Finished building target: testing lab 4.elf
 
arm-none-eabi-size   testing\ lab\ 4.elf 
arm-none-eabi-objdump -h -S  testing\ lab\ 4.elf  > "testing lab 4.list"
arm-none-eabi-objcopy  -O ihex  testing\ lab\ 4.elf  "testing lab 4.hex"
arm-none-eabi-objcopy  -O binary  testing\ lab\ 4.elf  "testing lab 4.bin"
   text	   data	    bss	    dec	    hex	filename
   7964	     20	   2468	  10452	   28d4	testing lab 4.elf
Finished building: default.size.stdout
 
Finished building: testing lab 4.hex
Finished building: testing lab 4.bin
 
Finished building: testing lab 4.list
 
 

22:36:14 Build Finished. 0 errors, 0 warnings. (took 1s.151ms)

